WARN | 12:36:48 | vscode-loader: Could not find package.json(c) in path  (expanded to nil).
WARN | 12:36:48 | vscode-loader: Could not resolve all manifests for paths `{ "" }`: only found `{}`
WARN | 12:36:48 | snipmate-loader: Could not resolve all collection-roots for paths `{ "" }`: only found `{}`
WARN | 12:36:48 | lua-loader: Could not resolve all collection-roots for paths `{ "" }`: only found `{}`
WARN | 12:43:20 | vscode-loader: Could not find package.json(c) in path  (expanded to nil).
WARN | 12:43:20 | vscode-loader: Could not resolve all manifests for paths `{ "" }`: only found `{}`
WARN | 12:43:20 | snipmate-loader: Could not resolve all collection-roots for paths `{ "" }`: only found `{}`
WARN | 12:43:20 | lua-loader: Could not resolve all collection-roots for paths `{ "" }`: only found `{}`
WARN | 12:45:23 | vscode-loader: Could not find package.json(c) in path  (expanded to nil).
WARN | 12:45:23 | vscode-loader: Could not resolve all manifests for paths `{ "" }`: only found `{}`
WARN | 12:45:23 | snipmate-loader: Could not resolve all collection-roots for paths `{ "" }`: only found `{}`
WARN | 12:45:23 | lua-loader: Could not resolve all collection-roots for paths `{ "" }`: only found `{}`
WARN | 13:09:55 | vscode-loader: Could not find package.json(c) in path  (expanded to nil).
WARN | 13:09:55 | vscode-loader: Could not resolve all manifests for paths `{ "" }`: only found `{}`
WARN | 13:09:55 | snipmate-loader: Could not resolve all collection-roots for paths `{ "" }`: only found `{}`
WARN | 13:09:55 | lua-loader: Could not resolve all collection-roots for paths `{ "" }`: only found `{}`
WARN | 13:19:42 | vscode-loader: Could not find package.json(c) in path  (expanded to nil).
WARN | 13:19:42 | vscode-loader: Could not resolve all manifests for paths `{ "" }`: only found `{}`
WARN | 13:19:42 | snipmate-loader: Could not resolve all collection-roots for paths `{ "" }`: only found `{}`
WARN | 13:19:42 | lua-loader: Could not resolve all collection-roots for paths `{ "" }`: only found `{}`
WARN | 13:22:34 | vscode-loader: Could not find package.json(c) in path  (expanded to nil).
WARN | 13:22:34 | vscode-loader: Could not resolve all manifests for paths `{ "" }`: only found `{}`
WARN | 13:22:34 | snipmate-loader: Could not resolve all collection-roots for paths `{ "" }`: only found `{}`
WARN | 13:22:34 | lua-loader: Could not resolve all collection-roots for paths `{ "" }`: only found `{}`
WARN | 13:24:13 | vscode-loader: Could not find package.json(c) in path  (expanded to nil).
WARN | 13:24:13 | vscode-loader: Could not resolve all manifests for paths `{ "" }`: only found `{}`
WARN | 13:24:13 | snipmate-loader: Could not resolve all collection-roots for paths `{ "" }`: only found `{}`
WARN | 13:24:13 | lua-loader: Could not resolve all collection-roots for paths `{ "" }`: only found `{}`
WARN | 13:26:34 | vscode-loader: Could not find package.json(c) in path  (expanded to nil).
WARN | 13:26:34 | vscode-loader: Could not resolve all manifests for paths `{ "" }`: only found `{}`
WARN | 13:26:34 | snipmate-loader: Could not resolve all collection-roots for paths `{ "" }`: only found `{}`
WARN | 13:26:34 | lua-loader: Could not resolve all collection-roots for paths `{ "" }`: only found `{}`
WARN | 13:27:04 | vscode-loader: Could not find package.json(c) in path  (expanded to nil).
WARN | 13:27:04 | vscode-loader: Could not resolve all manifests for paths `{ "" }`: only found `{}`
WARN | 13:27:04 | snipmate-loader: Could not resolve all collection-roots for paths `{ "" }`: only found `{}`
WARN | 13:27:04 | lua-loader: Could not resolve all collection-roots for paths `{ "" }`: only found `{}`
WARN | 13:30:43 | vscode-loader: Could not find package.json(c) in path  (expanded to nil).
WARN | 13:30:43 | vscode-loader: Could not resolve all manifests for paths `{ "" }`: only found `{}`
WARN | 13:30:43 | snipmate-loader: Could not resolve all collection-roots for paths `{ "" }`: only found `{}`
WARN | 13:30:43 | lua-loader: Could not resolve all collection-roots for paths `{ "" }`: only found `{}`
WARN | 13:32:25 | vscode-loader: Could not find package.json(c) in path  (expanded to nil).
WARN | 13:32:25 | vscode-loader: Could not resolve all manifests for paths `{ "" }`: only found `{}`
WARN | 13:32:25 | snipmate-loader: Could not resolve all collection-roots for paths `{ "" }`: only found `{}`
WARN | 13:32:25 | lua-loader: Could not resolve all collection-roots for paths `{ "" }`: only found `{}`
WARN | 13:32:35 | vscode-loader: Could not find package.json(c) in path  (expanded to nil).
WARN | 13:32:35 | vscode-loader: Could not resolve all manifests for paths `{ "" }`: only found `{}`
WARN | 13:32:35 | snipmate-loader: Could not resolve all collection-roots for paths `{ "" }`: only found `{}`
WARN | 13:32:35 | lua-loader: Could not resolve all collection-roots for paths `{ "" }`: only found `{}`
WARN | 13:35:33 | vscode-loader: Could not find package.json(c) in path  (expanded to nil).
WARN | 13:35:33 | vscode-loader: Could not resolve all manifests for paths `{ "" }`: only found `{}`
WARN | 13:35:33 | snipmate-loader: Could not resolve all collection-roots for paths `{ "" }`: only found `{}`
WARN | 13:35:33 | lua-loader: Could not resolve all collection-roots for paths `{ "" }`: only found `{}`
WARN | 13:36:58 | vscode-loader: Could not find package.json(c) in path  (expanded to nil).
WARN | 13:36:58 | vscode-loader: Could not resolve all manifests for paths `{ "" }`: only found `{}`
WARN | 13:36:58 | snipmate-loader: Could not resolve all collection-roots for paths `{ "" }`: only found `{}`
WARN | 13:36:58 | lua-loader: Could not resolve all collection-roots for paths `{ "" }`: only found `{}`
WARN | 13:37:43 | vscode-loader: Could not find package.json(c) in path  (expanded to nil).
WARN | 13:37:43 | vscode-loader: Could not resolve all manifests for paths `{ "" }`: only found `{}`
WARN | 13:37:43 | snipmate-loader: Could not resolve all collection-roots for paths `{ "" }`: only found `{}`
WARN | 13:37:43 | lua-loader: Could not resolve all collection-roots for paths `{ "" }`: only found `{}`
WARN | 13:39:16 | vscode-loader: Could not find package.json(c) in path  (expanded to nil).
WARN | 13:39:16 | vscode-loader: Could not resolve all manifests for paths `{ "" }`: only found `{}`
WARN | 13:39:16 | snipmate-loader: Could not resolve all collection-roots for paths `{ "" }`: only found `{}`
WARN | 13:39:16 | lua-loader: Could not resolve all collection-roots for paths `{ "" }`: only found `{}`
WARN | 13:41:10 | vscode-loader: Could not find package.json(c) in path  (expanded to nil).
WARN | 13:41:10 | vscode-loader: Could not resolve all manifests for paths `{ "" }`: only found `{}`
WARN | 13:41:10 | snipmate-loader: Could not resolve all collection-roots for paths `{ "" }`: only found `{}`
WARN | 13:41:10 | lua-loader: Could not resolve all collection-roots for paths `{ "" }`: only found `{}`
WARN | 13:41:58 | vscode-loader: Could not find package.json(c) in path  (expanded to nil).
WARN | 13:41:58 | vscode-loader: Could not resolve all manifests for paths `{ "" }`: only found `{}`
WARN | 13:41:58 | snipmate-loader: Could not resolve all collection-roots for paths `{ "" }`: only found `{}`
WARN | 13:41:58 | lua-loader: Could not resolve all collection-roots for paths `{ "" }`: only found `{}`
WARN | 13:43:09 | vscode-loader: Could not find package.json(c) in path  (expanded to nil).
WARN | 13:43:09 | vscode-loader: Could not resolve all manifests for paths `{ "" }`: only found `{}`
WARN | 13:43:09 | snipmate-loader: Could not resolve all collection-roots for paths `{ "" }`: only found `{}`
WARN | 13:43:09 | lua-loader: Could not resolve all collection-roots for paths `{ "" }`: only found `{}`
WARN | 13:44:29 | vscode-loader: Could not find package.json(c) in path  (expanded to nil).
WARN | 13:44:29 | vscode-loader: Could not resolve all manifests for paths `{ "" }`: only found `{}`
WARN | 13:44:29 | snipmate-loader: Could not resolve all collection-roots for paths `{ "" }`: only found `{}`
WARN | 13:44:29 | lua-loader: Could not resolve all collection-roots for paths `{ "" }`: only found `{}`
WARN | 13:46:36 | vscode-loader: Could not find package.json(c) in path  (expanded to nil).
WARN | 13:46:36 | vscode-loader: Could not resolve all manifests for paths `{ "" }`: only found `{}`
WARN | 13:46:36 | snipmate-loader: Could not resolve all collection-roots for paths `{ "" }`: only found `{}`
WARN | 13:46:36 | lua-loader: Could not resolve all collection-roots for paths `{ "" }`: only found `{}`
WARN | 13:47:32 | vscode-loader: Could not find package.json(c) in path  (expanded to nil).
WARN | 13:47:32 | vscode-loader: Could not resolve all manifests for paths `{ "" }`: only found `{}`
WARN | 13:47:32 | snipmate-loader: Could not resolve all collection-roots for paths `{ "" }`: only found `{}`
WARN | 13:47:32 | lua-loader: Could not resolve all collection-roots for paths `{ "" }`: only found `{}`
WARN | 13:48:00 | vscode-loader: Could not find package.json(c) in path  (expanded to nil).
WARN | 13:48:00 | vscode-loader: Could not resolve all manifests for paths `{ "" }`: only found `{}`
WARN | 13:48:00 | snipmate-loader: Could not resolve all collection-roots for paths `{ "" }`: only found `{}`
WARN | 13:48:00 | lua-loader: Could not resolve all collection-roots for paths `{ "" }`: only found `{}`
WARN | 13:48:29 | vscode-loader: Could not find package.json(c) in path  (expanded to nil).
WARN | 13:48:29 | vscode-loader: Could not resolve all manifests for paths `{ "" }`: only found `{}`
WARN | 13:48:29 | snipmate-loader: Could not resolve all collection-roots for paths `{ "" }`: only found `{}`
WARN | 13:48:29 | lua-loader: Could not resolve all collection-roots for paths `{ "" }`: only found `{}`
WARN | 13:50:52 | vscode-loader: Could not find package.json(c) in path  (expanded to nil).
WARN | 13:50:52 | vscode-loader: Could not resolve all manifests for paths `{ "" }`: only found `{}`
WARN | 13:50:52 | snipmate-loader: Could not resolve all collection-roots for paths `{ "" }`: only found `{}`
WARN | 13:50:52 | lua-loader: Could not resolve all collection-roots for paths `{ "" }`: only found `{}`
WARN | 13:51:10 | vscode-loader: Could not find package.json(c) in path  (expanded to nil).
WARN | 13:51:10 | vscode-loader: Could not resolve all manifests for paths `{ "" }`: only found `{}`
WARN | 13:51:10 | snipmate-loader: Could not resolve all collection-roots for paths `{ "" }`: only found `{}`
WARN | 13:51:10 | lua-loader: Could not resolve all collection-roots for paths `{ "" }`: only found `{}`
WARN | 13:51:23 | vscode-loader: Could not find package.json(c) in path  (expanded to nil).
WARN | 13:51:23 | vscode-loader: Could not resolve all manifests for paths `{ "" }`: only found `{}`
WARN | 13:51:23 | snipmate-loader: Could not resolve all collection-roots for paths `{ "" }`: only found `{}`
WARN | 13:51:23 | lua-loader: Could not resolve all collection-roots for paths `{ "" }`: only found `{}`
WARN | 13:52:15 | vscode-loader: Could not find package.json(c) in path  (expanded to nil).
WARN | 13:52:15 | vscode-loader: Could not resolve all manifests for paths `{ "" }`: only found `{}`
WARN | 13:52:15 | snipmate-loader: Could not resolve all collection-roots for paths `{ "" }`: only found `{}`
WARN | 13:52:15 | lua-loader: Could not resolve all collection-roots for paths `{ "" }`: only found `{}`
WARN | 13:52:49 | vscode-loader: Could not find package.json(c) in path  (expanded to nil).
WARN | 13:52:49 | vscode-loader: Could not resolve all manifests for paths `{ "" }`: only found `{}`
WARN | 13:52:49 | snipmate-loader: Could not resolve all collection-roots for paths `{ "" }`: only found `{}`
WARN | 13:52:49 | lua-loader: Could not resolve all collection-roots for paths `{ "" }`: only found `{}`
WARN | 13:53:07 | vscode-loader: Could not find package.json(c) in path  (expanded to nil).
WARN | 13:53:07 | vscode-loader: Could not resolve all manifests for paths `{ "" }`: only found `{}`
WARN | 13:53:07 | snipmate-loader: Could not resolve all collection-roots for paths `{ "" }`: only found `{}`
WARN | 13:53:07 | lua-loader: Could not resolve all collection-roots for paths `{ "" }`: only found `{}`
WARN | 13:53:42 | vscode-loader: Could not find package.json(c) in path  (expanded to nil).
WARN | 13:53:42 | vscode-loader: Could not resolve all manifests for paths `{ "" }`: only found `{}`
WARN | 13:53:42 | snipmate-loader: Could not resolve all collection-roots for paths `{ "" }`: only found `{}`
WARN | 13:53:42 | lua-loader: Could not resolve all collection-roots for paths `{ "" }`: only found `{}`
WARN | 13:53:47 | vscode-loader: Could not find package.json(c) in path  (expanded to nil).
WARN | 13:53:47 | vscode-loader: Could not resolve all manifests for paths `{ "" }`: only found `{}`
WARN | 13:53:47 | snipmate-loader: Could not resolve all collection-roots for paths `{ "" }`: only found `{}`
WARN | 13:53:47 | lua-loader: Could not resolve all collection-roots for paths `{ "" }`: only found `{}`
WARN | 13:56:52 | vscode-loader: Could not find package.json(c) in path  (expanded to nil).
WARN | 13:56:52 | vscode-loader: Could not resolve all manifests for paths `{ "" }`: only found `{}`
WARN | 13:56:52 | snipmate-loader: Could not resolve all collection-roots for paths `{ "" }`: only found `{}`
WARN | 13:56:52 | lua-loader: Could not resolve all collection-roots for paths `{ "" }`: only found `{}`
WARN | 13:57:51 | vscode-loader: Could not find package.json(c) in path  (expanded to nil).
WARN | 13:57:51 | vscode-loader: Could not resolve all manifests for paths `{ "" }`: only found `{}`
WARN | 13:57:51 | snipmate-loader: Could not resolve all collection-roots for paths `{ "" }`: only found `{}`
WARN | 13:57:51 | lua-loader: Could not resolve all collection-roots for paths `{ "" }`: only found `{}`
WARN | 13:58:09 | vscode-loader: Could not find package.json(c) in path  (expanded to nil).
WARN | 13:58:09 | vscode-loader: Could not resolve all manifests for paths `{ "" }`: only found `{}`
WARN | 13:58:09 | snipmate-loader: Could not resolve all collection-roots for paths `{ "" }`: only found `{}`
WARN | 13:58:09 | lua-loader: Could not resolve all collection-roots for paths `{ "" }`: only found `{}`
WARN | 13:59:17 | vscode-loader: Could not find package.json(c) in path  (expanded to nil).
WARN | 13:59:17 | vscode-loader: Could not resolve all manifests for paths `{ "" }`: only found `{}`
WARN | 13:59:17 | snipmate-loader: Could not resolve all collection-roots for paths `{ "" }`: only found `{}`
WARN | 13:59:17 | lua-loader: Could not resolve all collection-roots for paths `{ "" }`: only found `{}`
WARN | 14:00:45 | vscode-loader: Could not find package.json(c) in path  (expanded to nil).
WARN | 14:00:45 | vscode-loader: Could not resolve all manifests for paths `{ "" }`: only found `{}`
WARN | 14:00:45 | snipmate-loader: Could not resolve all collection-roots for paths `{ "" }`: only found `{}`
WARN | 14:00:45 | lua-loader: Could not resolve all collection-roots for paths `{ "" }`: only found `{}`
WARN | 14:01:16 | vscode-loader: Could not find package.json(c) in path  (expanded to nil).
WARN | 14:01:16 | vscode-loader: Could not resolve all manifests for paths `{ "" }`: only found `{}`
WARN | 14:01:16 | snipmate-loader: Could not resolve all collection-roots for paths `{ "" }`: only found `{}`
WARN | 14:01:16 | lua-loader: Could not resolve all collection-roots for paths `{ "" }`: only found `{}`
WARN | 14:03:54 | vscode-loader: Could not find package.json(c) in path  (expanded to nil).
WARN | 14:03:54 | vscode-loader: Could not resolve all manifests for paths `{ "" }`: only found `{}`
WARN | 14:03:54 | snipmate-loader: Could not resolve all collection-roots for paths `{ "" }`: only found `{}`
WARN | 14:03:54 | lua-loader: Could not resolve all collection-roots for paths `{ "" }`: only found `{}`
WARN | 14:04:27 | vscode-loader: Could not find package.json(c) in path  (expanded to nil).
WARN | 14:04:27 | vscode-loader: Could not resolve all manifests for paths `{ "" }`: only found `{}`
WARN | 14:04:27 | snipmate-loader: Could not resolve all collection-roots for paths `{ "" }`: only found `{}`
WARN | 14:04:27 | lua-loader: Could not resolve all collection-roots for paths `{ "" }`: only found `{}`
WARN | 14:05:11 | vscode-loader: Could not find package.json(c) in path  (expanded to nil).
WARN | 14:05:11 | vscode-loader: Could not resolve all manifests for paths `{ "" }`: only found `{}`
WARN | 14:05:11 | snipmate-loader: Could not resolve all collection-roots for paths `{ "" }`: only found `{}`
WARN | 14:05:11 | lua-loader: Could not resolve all collection-roots for paths `{ "" }`: only found `{}`
WARN | 14:06:30 | vscode-loader: Could not find package.json(c) in path  (expanded to nil).
WARN | 14:06:30 | vscode-loader: Could not resolve all manifests for paths `{ "" }`: only found `{}`
WARN | 14:06:30 | snipmate-loader: Could not resolve all collection-roots for paths `{ "" }`: only found `{}`
WARN | 14:06:30 | lua-loader: Could not resolve all collection-roots for paths `{ "" }`: only found `{}`
WARN | 14:07:22 | vscode-loader: Could not find package.json(c) in path  (expanded to nil).
WARN | 14:07:22 | vscode-loader: Could not resolve all manifests for paths `{ "" }`: only found `{}`
WARN | 14:07:22 | snipmate-loader: Could not resolve all collection-roots for paths `{ "" }`: only found `{}`
WARN | 14:07:22 | lua-loader: Could not resolve all collection-roots for paths `{ "" }`: only found `{}`
WARN | 14:07:59 | vscode-loader: Could not find package.json(c) in path  (expanded to nil).
WARN | 14:07:59 | vscode-loader: Could not resolve all manifests for paths `{ "" }`: only found `{}`
WARN | 14:07:59 | snipmate-loader: Could not resolve all collection-roots for paths `{ "" }`: only found `{}`
WARN | 14:07:59 | lua-loader: Could not resolve all collection-roots for paths `{ "" }`: only found `{}`
WARN | 14:12:26 | vscode-loader: Could not find package.json(c) in path  (expanded to nil).
WARN | 14:12:26 | vscode-loader: Could not resolve all manifests for paths `{ "" }`: only found `{}`
WARN | 14:12:26 | snipmate-loader: Could not resolve all collection-roots for paths `{ "" }`: only found `{}`
WARN | 14:12:26 | lua-loader: Could not resolve all collection-roots for paths `{ "" }`: only found `{}`
WARN | 14:12:29 | vscode-loader: Could not find package.json(c) in path  (expanded to nil).
WARN | 14:12:29 | vscode-loader: Could not resolve all manifests for paths `{ "" }`: only found `{}`
WARN | 14:12:29 | snipmate-loader: Could not resolve all collection-roots for paths `{ "" }`: only found `{}`
WARN | 14:12:29 | lua-loader: Could not resolve all collection-roots for paths `{ "" }`: only found `{}`
WARN | 14:13:43 | vscode-loader: Could not find package.json(c) in path  (expanded to nil).
WARN | 14:13:43 | vscode-loader: Could not resolve all manifests for paths `{ "" }`: only found `{}`
WARN | 14:13:43 | snipmate-loader: Could not resolve all collection-roots for paths `{ "" }`: only found `{}`
WARN | 14:13:43 | lua-loader: Could not resolve all collection-roots for paths `{ "" }`: only found `{}`
WARN | 14:15:28 | vscode-loader: Could not find package.json(c) in path  (expanded to nil).
WARN | 14:15:28 | vscode-loader: Could not resolve all manifests for paths `{ "" }`: only found `{}`
WARN | 14:15:28 | snipmate-loader: Could not resolve all collection-roots for paths `{ "" }`: only found `{}`
WARN | 14:15:28 | lua-loader: Could not resolve all collection-roots for paths `{ "" }`: only found `{}`
WARN | 14:16:43 | vscode-loader: Could not find package.json(c) in path  (expanded to nil).
WARN | 14:16:43 | vscode-loader: Could not resolve all manifests for paths `{ "" }`: only found `{}`
WARN | 14:16:43 | snipmate-loader: Could not resolve all collection-roots for paths `{ "" }`: only found `{}`
WARN | 14:16:43 | lua-loader: Could not resolve all collection-roots for paths `{ "" }`: only found `{}`
WARN | 14:17:59 | vscode-loader: Could not find package.json(c) in path  (expanded to nil).
WARN | 14:17:59 | vscode-loader: Could not resolve all manifests for paths `{ "" }`: only found `{}`
WARN | 14:17:59 | snipmate-loader: Could not resolve all collection-roots for paths `{ "" }`: only found `{}`
WARN | 14:17:59 | lua-loader: Could not resolve all collection-roots for paths `{ "" }`: only found `{}`
WARN | 14:18:28 | vscode-loader: Could not find package.json(c) in path  (expanded to nil).
WARN | 14:18:28 | vscode-loader: Could not resolve all manifests for paths `{ "" }`: only found `{}`
WARN | 14:18:28 | snipmate-loader: Could not resolve all collection-roots for paths `{ "" }`: only found `{}`
WARN | 14:18:28 | lua-loader: Could not resolve all collection-roots for paths `{ "" }`: only found `{}`
WARN | 14:22:36 | vscode-loader: Could not find package.json(c) in path  (expanded to nil).
WARN | 14:22:36 | vscode-loader: Could not resolve all manifests for paths `{ "" }`: only found `{}`
WARN | 14:22:36 | snipmate-loader: Could not resolve all collection-roots for paths `{ "" }`: only found `{}`
WARN | 14:22:36 | lua-loader: Could not resolve all collection-roots for paths `{ "" }`: only found `{}`
WARN | 14:23:02 | vscode-loader: Could not find package.json(c) in path  (expanded to nil).
WARN | 14:23:02 | vscode-loader: Could not resolve all manifests for paths `{ "" }`: only found `{}`
WARN | 14:23:02 | snipmate-loader: Could not resolve all collection-roots for paths `{ "" }`: only found `{}`
WARN | 14:23:02 | lua-loader: Could not resolve all collection-roots for paths `{ "" }`: only found `{}`
WARN | 14:23:57 | vscode-loader: Could not find package.json(c) in path  (expanded to nil).
WARN | 14:23:57 | vscode-loader: Could not resolve all manifests for paths `{ "" }`: only found `{}`
WARN | 14:23:57 | snipmate-loader: Could not resolve all collection-roots for paths `{ "" }`: only found `{}`
WARN | 14:23:57 | lua-loader: Could not resolve all collection-roots for paths `{ "" }`: only found `{}`
WARN | 14:26:15 | vscode-loader: Could not find package.json(c) in path  (expanded to nil).
WARN | 14:26:15 | vscode-loader: Could not resolve all manifests for paths `{ "" }`: only found `{}`
WARN | 14:26:15 | snipmate-loader: Could not resolve all collection-roots for paths `{ "" }`: only found `{}`
WARN | 14:26:15 | lua-loader: Could not resolve all collection-roots for paths `{ "" }`: only found `{}`
WARN | 14:27:16 | vscode-loader: Could not find package.json(c) in path  (expanded to nil).
WARN | 14:27:16 | vscode-loader: Could not resolve all manifests for paths `{ "" }`: only found `{}`
WARN | 14:27:16 | snipmate-loader: Could not resolve all collection-roots for paths `{ "" }`: only found `{}`
WARN | 14:27:16 | lua-loader: Could not resolve all collection-roots for paths `{ "" }`: only found `{}`
WARN | 14:27:46 | vscode-loader: Could not find package.json(c) in path  (expanded to nil).
WARN | 14:27:46 | vscode-loader: Could not resolve all manifests for paths `{ "" }`: only found `{}`
WARN | 14:27:46 | snipmate-loader: Could not resolve all collection-roots for paths `{ "" }`: only found `{}`
WARN | 14:27:46 | lua-loader: Could not resolve all collection-roots for paths `{ "" }`: only found `{}`
WARN | 14:28:59 | vscode-loader: Could not find package.json(c) in path  (expanded to nil).
WARN | 14:28:59 | vscode-loader: Could not resolve all manifests for paths `{ "" }`: only found `{}`
WARN | 14:28:59 | snipmate-loader: Could not resolve all collection-roots for paths `{ "" }`: only found `{}`
WARN | 14:28:59 | lua-loader: Could not resolve all collection-roots for paths `{ "" }`: only found `{}`
WARN | 14:29:14 | vscode-loader: Could not find package.json(c) in path  (expanded to nil).
WARN | 14:29:14 | vscode-loader: Could not resolve all manifests for paths `{ "" }`: only found `{}`
WARN | 14:29:14 | snipmate-loader: Could not resolve all collection-roots for paths `{ "" }`: only found `{}`
WARN | 14:29:14 | lua-loader: Could not resolve all collection-roots for paths `{ "" }`: only found `{}`
WARN | 14:33:47 | vscode-loader: Could not find package.json(c) in path  (expanded to nil).
WARN | 14:33:47 | vscode-loader: Could not resolve all manifests for paths `{ "" }`: only found `{}`
WARN | 14:33:47 | snipmate-loader: Could not resolve all collection-roots for paths `{ "" }`: only found `{}`
WARN | 14:33:47 | lua-loader: Could not resolve all collection-roots for paths `{ "" }`: only found `{}`
WARN | 14:38:03 | vscode-loader: Could not find package.json(c) in path  (expanded to nil).
WARN | 14:38:03 | vscode-loader: Could not resolve all manifests for paths `{ "" }`: only found `{}`
WARN | 14:38:03 | snipmate-loader: Could not resolve all collection-roots for paths `{ "" }`: only found `{}`
WARN | 14:38:03 | lua-loader: Could not resolve all collection-roots for paths `{ "" }`: only found `{}`
WARN | 14:40:52 | vscode-loader: Could not find package.json(c) in path  (expanded to nil).
WARN | 14:40:52 | vscode-loader: Could not resolve all manifests for paths `{ "" }`: only found `{}`
WARN | 14:40:52 | snipmate-loader: Could not resolve all collection-roots for paths `{ "" }`: only found `{}`
WARN | 14:40:52 | lua-loader: Could not resolve all collection-roots for paths `{ "" }`: only found `{}`
WARN | 14:43:28 | vscode-loader: Could not find package.json(c) in path  (expanded to nil).
WARN | 14:43:28 | vscode-loader: Could not resolve all manifests for paths `{ "" }`: only found `{}`
WARN | 14:43:28 | snipmate-loader: Could not resolve all collection-roots for paths `{ "" }`: only found `{}`
WARN | 14:43:28 | lua-loader: Could not resolve all collection-roots for paths `{ "" }`: only found `{}`
WARN | 14:46:51 | vscode-loader: Could not find package.json(c) in path  (expanded to nil).
WARN | 14:46:51 | vscode-loader: Could not resolve all manifests for paths `{ "" }`: only found `{}`
WARN | 14:46:51 | snipmate-loader: Could not resolve all collection-roots for paths `{ "" }`: only found `{}`
WARN | 14:46:51 | lua-loader: Could not resolve all collection-roots for paths `{ "" }`: only found `{}`
WARN | 14:47:59 | vscode-loader: Could not find package.json(c) in path  (expanded to nil).
WARN | 14:47:59 | vscode-loader: Could not resolve all manifests for paths `{ "" }`: only found `{}`
WARN | 14:47:59 | snipmate-loader: Could not resolve all collection-roots for paths `{ "" }`: only found `{}`
WARN | 14:47:59 | lua-loader: Could not resolve all collection-roots for paths `{ "" }`: only found `{}`
WARN | 14:48:37 | vscode-loader: Could not find package.json(c) in path  (expanded to nil).
WARN | 14:48:37 | vscode-loader: Could not resolve all manifests for paths `{ "" }`: only found `{}`
WARN | 14:48:37 | snipmate-loader: Could not resolve all collection-roots for paths `{ "" }`: only found `{}`
WARN | 14:48:37 | lua-loader: Could not resolve all collection-roots for paths `{ "" }`: only found `{}`
WARN | 14:50:01 | vscode-loader: Could not find package.json(c) in path  (expanded to nil).
WARN | 14:50:01 | vscode-loader: Could not resolve all manifests for paths `{ "" }`: only found `{}`
WARN | 14:50:01 | snipmate-loader: Could not resolve all collection-roots for paths `{ "" }`: only found `{}`
WARN | 14:50:01 | lua-loader: Could not resolve all collection-roots for paths `{ "" }`: only found `{}`
WARN | 14:55:21 | vscode-loader: Could not find package.json(c) in path  (expanded to nil).
WARN | 14:55:21 | vscode-loader: Could not resolve all manifests for paths `{ "" }`: only found `{}`
WARN | 14:55:21 | snipmate-loader: Could not resolve all collection-roots for paths `{ "" }`: only found `{}`
WARN | 14:55:21 | lua-loader: Could not resolve all collection-roots for paths `{ "" }`: only found `{}`
WARN | 14:58:24 | vscode-loader: Could not find package.json(c) in path  (expanded to nil).
WARN | 14:58:24 | vscode-loader: Could not resolve all manifests for paths `{ "" }`: only found `{}`
WARN | 14:58:24 | snipmate-loader: Could not resolve all collection-roots for paths `{ "" }`: only found `{}`
WARN | 14:58:24 | lua-loader: Could not resolve all collection-roots for paths `{ "" }`: only found `{}`
WARN | 15:00:50 | vscode-loader: Could not find package.json(c) in path  (expanded to nil).
WARN | 15:00:50 | vscode-loader: Could not resolve all manifests for paths `{ "" }`: only found `{}`
WARN | 15:00:50 | snipmate-loader: Could not resolve all collection-roots for paths `{ "" }`: only found `{}`
WARN | 15:00:50 | lua-loader: Could not resolve all collection-roots for paths `{ "" }`: only found `{}`
WARN | 15:01:54 | vscode-loader: Could not find package.json(c) in path  (expanded to nil).
WARN | 15:01:54 | vscode-loader: Could not resolve all manifests for paths `{ "" }`: only found `{}`
WARN | 15:01:54 | snipmate-loader: Could not resolve all collection-roots for paths `{ "" }`: only found `{}`
WARN | 15:01:54 | lua-loader: Could not resolve all collection-roots for paths `{ "" }`: only found `{}`
WARN | 15:02:08 | vscode-loader: Could not find package.json(c) in path  (expanded to nil).
WARN | 15:02:08 | vscode-loader: Could not resolve all manifests for paths `{ "" }`: only found `{}`
WARN | 15:02:08 | snipmate-loader: Could not resolve all collection-roots for paths `{ "" }`: only found `{}`
WARN | 15:02:08 | lua-loader: Could not resolve all collection-roots for paths `{ "" }`: only found `{}`
WARN | 15:03:19 | vscode-loader: Could not find package.json(c) in path  (expanded to nil).
WARN | 15:03:19 | vscode-loader: Could not resolve all manifests for paths `{ "" }`: only found `{}`
WARN | 15:03:19 | snipmate-loader: Could not resolve all collection-roots for paths `{ "" }`: only found `{}`
WARN | 15:03:19 | lua-loader: Could not resolve all collection-roots for paths `{ "" }`: only found `{}`
WARN | 15:07:00 | vscode-loader: Could not find package.json(c) in path  (expanded to nil).
WARN | 15:07:00 | vscode-loader: Could not resolve all manifests for paths `{ "" }`: only found `{}`
WARN | 15:07:00 | snipmate-loader: Could not resolve all collection-roots for paths `{ "" }`: only found `{}`
WARN | 15:07:00 | lua-loader: Could not resolve all collection-roots for paths `{ "" }`: only found `{}`
WARN | 15:12:40 | vscode-loader: Could not find package.json(c) in path  (expanded to nil).
WARN | 15:12:40 | vscode-loader: Could not resolve all manifests for paths `{ "" }`: only found `{}`
WARN | 15:12:40 | snipmate-loader: Could not resolve all collection-roots for paths `{ "" }`: only found `{}`
WARN | 15:12:40 | lua-loader: Could not resolve all collection-roots for paths `{ "" }`: only found `{}`
WARN | 15:16:16 | vscode-loader: Could not find package.json(c) in path  (expanded to nil).
WARN | 15:16:16 | vscode-loader: Could not resolve all manifests for paths `{ "" }`: only found `{}`
WARN | 15:16:16 | snipmate-loader: Could not resolve all collection-roots for paths `{ "" }`: only found `{}`
WARN | 15:16:16 | lua-loader: Could not resolve all collection-roots for paths `{ "" }`: only found `{}`
WARN | 15:20:27 | vscode-loader: Could not find package.json(c) in path  (expanded to nil).
WARN | 15:20:27 | vscode-loader: Could not resolve all manifests for paths `{ "" }`: only found `{}`
WARN | 15:20:27 | snipmate-loader: Could not resolve all collection-roots for paths `{ "" }`: only found `{}`
WARN | 15:20:27 | lua-loader: Could not resolve all collection-roots for paths `{ "" }`: only found `{}`
WARN | 15:29:44 | vscode-loader: Could not find package.json(c) in path  (expanded to nil).
WARN | 15:29:44 | vscode-loader: Could not resolve all manifests for paths `{ "" }`: only found `{}`
WARN | 15:29:44 | snipmate-loader: Could not resolve all collection-roots for paths `{ "" }`: only found `{}`
WARN | 15:29:44 | lua-loader: Could not resolve all collection-roots for paths `{ "" }`: only found `{}`
WARN | 15:31:09 | vscode-loader: Could not find package.json(c) in path  (expanded to nil).
WARN | 15:31:09 | vscode-loader: Could not resolve all manifests for paths `{ "" }`: only found `{}`
WARN | 15:31:09 | snipmate-loader: Could not resolve all collection-roots for paths `{ "" }`: only found `{}`
WARN | 15:31:09 | lua-loader: Could not resolve all collection-roots for paths `{ "" }`: only found `{}`
WARN | 15:33:36 | vscode-loader: Could not find package.json(c) in path  (expanded to nil).
WARN | 15:33:36 | vscode-loader: Could not resolve all manifests for paths `{ "" }`: only found `{}`
WARN | 15:33:36 | snipmate-loader: Could not resolve all collection-roots for paths `{ "" }`: only found `{}`
WARN | 15:33:36 | lua-loader: Could not resolve all collection-roots for paths `{ "" }`: only found `{}`
WARN | 15:34:35 | vscode-loader: Could not find package.json(c) in path  (expanded to nil).
WARN | 15:34:35 | vscode-loader: Could not resolve all manifests for paths `{ "" }`: only found `{}`
WARN | 15:34:35 | snipmate-loader: Could not resolve all collection-roots for paths `{ "" }`: only found `{}`
WARN | 15:34:35 | lua-loader: Could not resolve all collection-roots for paths `{ "" }`: only found `{}`
WARN | 15:37:28 | vscode-loader: Could not find package.json(c) in path  (expanded to nil).
WARN | 15:37:28 | vscode-loader: Could not resolve all manifests for paths `{ "" }`: only found `{}`
WARN | 15:37:28 | snipmate-loader: Could not resolve all collection-roots for paths `{ "" }`: only found `{}`
WARN | 15:37:28 | lua-loader: Could not resolve all collection-roots for paths `{ "" }`: only found `{}`
WARN | 15:40:34 | vscode-loader: Could not find package.json(c) in path  (expanded to nil).
WARN | 15:40:34 | vscode-loader: Could not resolve all manifests for paths `{ "" }`: only found `{}`
WARN | 15:40:34 | snipmate-loader: Could not resolve all collection-roots for paths `{ "" }`: only found `{}`
WARN | 15:40:34 | lua-loader: Could not resolve all collection-roots for paths `{ "" }`: only found `{}`
WARN | 15:42:55 | vscode-loader: Could not find package.json(c) in path  (expanded to nil).
WARN | 15:42:55 | vscode-loader: Could not resolve all manifests for paths `{ "" }`: only found `{}`
WARN | 15:42:55 | snipmate-loader: Could not resolve all collection-roots for paths `{ "" }`: only found `{}`
WARN | 15:42:55 | lua-loader: Could not resolve all collection-roots for paths `{ "" }`: only found `{}`
WARN | 15:43:56 | vscode-loader: Could not find package.json(c) in path  (expanded to nil).
WARN | 15:43:56 | vscode-loader: Could not resolve all manifests for paths `{ "" }`: only found `{}`
WARN | 15:43:56 | snipmate-loader: Could not resolve all collection-roots for paths `{ "" }`: only found `{}`
WARN | 15:43:56 | lua-loader: Could not resolve all collection-roots for paths `{ "" }`: only found `{}`
WARN | 15:45:07 | vscode-loader: Could not find package.json(c) in path  (expanded to nil).
WARN | 15:45:07 | vscode-loader: Could not resolve all manifests for paths `{ "" }`: only found `{}`
WARN | 15:45:07 | snipmate-loader: Could not resolve all collection-roots for paths `{ "" }`: only found `{}`
WARN | 15:45:07 | lua-loader: Could not resolve all collection-roots for paths `{ "" }`: only found `{}`
WARN | 15:45:21 | vscode-loader: Could not find package.json(c) in path  (expanded to nil).
WARN | 15:45:21 | vscode-loader: Could not resolve all manifests for paths `{ "" }`: only found `{}`
WARN | 15:45:21 | snipmate-loader: Could not resolve all collection-roots for paths `{ "" }`: only found `{}`
WARN | 15:45:21 | lua-loader: Could not resolve all collection-roots for paths `{ "" }`: only found `{}`
WARN | 15:51:41 | vscode-loader: Could not find package.json(c) in path  (expanded to nil).
WARN | 15:51:41 | vscode-loader: Could not resolve all manifests for paths `{ "" }`: only found `{}`
WARN | 15:51:41 | snipmate-loader: Could not resolve all collection-roots for paths `{ "" }`: only found `{}`
WARN | 15:51:41 | lua-loader: Could not resolve all collection-roots for paths `{ "" }`: only found `{}`
WARN | 15:52:02 | vscode-loader: Could not find package.json(c) in path  (expanded to nil).
WARN | 15:52:02 | vscode-loader: Could not resolve all manifests for paths `{ "" }`: only found `{}`
WARN | 15:52:02 | snipmate-loader: Could not resolve all collection-roots for paths `{ "" }`: only found `{}`
WARN | 15:52:02 | lua-loader: Could not resolve all collection-roots for paths `{ "" }`: only found `{}`
WARN | 15:53:48 | vscode-loader: Could not find package.json(c) in path  (expanded to nil).
WARN | 15:53:48 | vscode-loader: Could not resolve all manifests for paths `{ "" }`: only found `{}`
WARN | 15:53:48 | snipmate-loader: Could not resolve all collection-roots for paths `{ "" }`: only found `{}`
WARN | 15:53:48 | lua-loader: Could not resolve all collection-roots for paths `{ "" }`: only found `{}`
WARN | 15:55:30 | vscode-loader: Could not find package.json(c) in path  (expanded to nil).
WARN | 15:55:30 | vscode-loader: Could not resolve all manifests for paths `{ "" }`: only found `{}`
WARN | 15:55:30 | snipmate-loader: Could not resolve all collection-roots for paths `{ "" }`: only found `{}`
WARN | 15:55:30 | lua-loader: Could not resolve all collection-roots for paths `{ "" }`: only found `{}`
WARN | 16:04:12 | vscode-loader: Could not find package.json(c) in path  (expanded to nil).
WARN | 16:04:12 | vscode-loader: Could not resolve all manifests for paths `{ "" }`: only found `{}`
WARN | 16:04:12 | snipmate-loader: Could not resolve all collection-roots for paths `{ "" }`: only found `{}`
WARN | 16:04:12 | lua-loader: Could not resolve all collection-roots for paths `{ "" }`: only found `{}`
WARN | 16:04:46 | vscode-loader: Could not find package.json(c) in path  (expanded to nil).
WARN | 16:04:46 | vscode-loader: Could not resolve all manifests for paths `{ "" }`: only found `{}`
WARN | 16:04:46 | snipmate-loader: Could not resolve all collection-roots for paths `{ "" }`: only found `{}`
WARN | 16:04:46 | lua-loader: Could not resolve all collection-roots for paths `{ "" }`: only found `{}`
WARN | 16:05:25 | vscode-loader: Could not find package.json(c) in path  (expanded to nil).
WARN | 16:05:25 | vscode-loader: Could not resolve all manifests for paths `{ "" }`: only found `{}`
WARN | 16:05:25 | snipmate-loader: Could not resolve all collection-roots for paths `{ "" }`: only found `{}`
WARN | 16:05:25 | lua-loader: Could not resolve all collection-roots for paths `{ "" }`: only found `{}`
WARN | 16:17:35 | vscode-loader: Could not find package.json(c) in path  (expanded to nil).
WARN | 16:17:35 | vscode-loader: Could not resolve all manifests for paths `{ "" }`: only found `{}`
WARN | 16:17:35 | snipmate-loader: Could not resolve all collection-roots for paths `{ "" }`: only found `{}`
WARN | 16:17:35 | lua-loader: Could not resolve all collection-roots for paths `{ "" }`: only found `{}`
WARN | 16:23:48 | vscode-loader: Could not find package.json(c) in path  (expanded to nil).
WARN | 16:23:48 | vscode-loader: Could not resolve all manifests for paths `{ "" }`: only found `{}`
WARN | 16:23:48 | snipmate-loader: Could not resolve all collection-roots for paths `{ "" }`: only found `{}`
WARN | 16:23:48 | lua-loader: Could not resolve all collection-roots for paths `{ "" }`: only found `{}`
WARN | 16:24:27 | vscode-loader: Could not find package.json(c) in path  (expanded to nil).
WARN | 16:24:27 | vscode-loader: Could not resolve all manifests for paths `{ "" }`: only found `{}`
WARN | 16:24:27 | snipmate-loader: Could not resolve all collection-roots for paths `{ "" }`: only found `{}`
WARN | 16:24:27 | lua-loader: Could not resolve all collection-roots for paths `{ "" }`: only found `{}`
WARN | 16:25:24 | vscode-loader: Could not find package.json(c) in path  (expanded to nil).
WARN | 16:25:24 | vscode-loader: Could not resolve all manifests for paths `{ "" }`: only found `{}`
WARN | 16:25:24 | snipmate-loader: Could not resolve all collection-roots for paths `{ "" }`: only found `{}`
WARN | 16:25:24 | lua-loader: Could not resolve all collection-roots for paths `{ "" }`: only found `{}`
WARN | 17:12:35 | vscode-loader: Could not find package.json(c) in path  (expanded to nil).
WARN | 17:12:35 | vscode-loader: Could not resolve all manifests for paths `{ "" }`: only found `{}`
WARN | 17:12:35 | snipmate-loader: Could not resolve all collection-roots for paths `{ "" }`: only found `{}`
WARN | 17:12:35 | lua-loader: Could not resolve all collection-roots for paths `{ "" }`: only found `{}`
WARN | 17:13:37 | vscode-loader: Could not find package.json(c) in path  (expanded to nil).
WARN | 17:13:37 | vscode-loader: Could not resolve all manifests for paths `{ "" }`: only found `{}`
WARN | 17:13:37 | snipmate-loader: Could not resolve all collection-roots for paths `{ "" }`: only found `{}`
WARN | 17:13:37 | lua-loader: Could not resolve all collection-roots for paths `{ "" }`: only found `{}`
WARN | 17:19:37 | vscode-loader: Could not find package.json(c) in path  (expanded to nil).
WARN | 17:19:37 | vscode-loader: Could not resolve all manifests for paths `{ "" }`: only found `{}`
WARN | 17:19:37 | snipmate-loader: Could not resolve all collection-roots for paths `{ "" }`: only found `{}`
WARN | 17:19:37 | lua-loader: Could not resolve all collection-roots for paths `{ "" }`: only found `{}`
WARN | 17:19:55 | vscode-loader: Could not find package.json(c) in path  (expanded to nil).
WARN | 17:19:55 | vscode-loader: Could not resolve all manifests for paths `{ "" }`: only found `{}`
WARN | 17:19:55 | snipmate-loader: Could not resolve all collection-roots for paths `{ "" }`: only found `{}`
WARN | 17:19:55 | lua-loader: Could not resolve all collection-roots for paths `{ "" }`: only found `{}`
WARN | 17:25:05 | vscode-loader: Could not find package.json(c) in path  (expanded to nil).
WARN | 17:25:05 | vscode-loader: Could not resolve all manifests for paths `{ "" }`: only found `{}`
WARN | 17:25:05 | snipmate-loader: Could not resolve all collection-roots for paths `{ "" }`: only found `{}`
WARN | 17:25:05 | lua-loader: Could not resolve all collection-roots for paths `{ "" }`: only found `{}`
WARN | 17:28:48 | vscode-loader: Could not find package.json(c) in path  (expanded to nil).
WARN | 17:28:48 | vscode-loader: Could not resolve all manifests for paths `{ "" }`: only found `{}`
WARN | 17:28:48 | snipmate-loader: Could not resolve all collection-roots for paths `{ "" }`: only found `{}`
WARN | 17:28:48 | lua-loader: Could not resolve all collection-roots for paths `{ "" }`: only found `{}`
WARN | 17:32:17 | vscode-loader: Could not find package.json(c) in path  (expanded to nil).
WARN | 17:32:17 | vscode-loader: Could not resolve all manifests for paths `{ "" }`: only found `{}`
WARN | 17:32:17 | snipmate-loader: Could not resolve all collection-roots for paths `{ "" }`: only found `{}`
WARN | 17:32:17 | lua-loader: Could not resolve all collection-roots for paths `{ "" }`: only found `{}`
WARN | 17:45:14 | vscode-loader: Could not find package.json(c) in path  (expanded to nil).
WARN | 17:45:14 | vscode-loader: Could not resolve all manifests for paths `{ "" }`: only found `{}`
WARN | 17:45:14 | snipmate-loader: Could not resolve all collection-roots for paths `{ "" }`: only found `{}`
WARN | 17:45:14 | lua-loader: Could not resolve all collection-roots for paths `{ "" }`: only found `{}`
WARN | 17:46:38 | vscode-loader: Could not find package.json(c) in path  (expanded to nil).
WARN | 17:46:38 | vscode-loader: Could not resolve all manifests for paths `{ "" }`: only found `{}`
WARN | 17:46:38 | snipmate-loader: Could not resolve all collection-roots for paths `{ "" }`: only found `{}`
WARN | 17:46:38 | lua-loader: Could not resolve all collection-roots for paths `{ "" }`: only found `{}`
WARN | 17:48:04 | vscode-loader: Could not find package.json(c) in path  (expanded to nil).
WARN | 17:48:04 | vscode-loader: Could not resolve all manifests for paths `{ "" }`: only found `{}`
WARN | 17:48:04 | snipmate-loader: Could not resolve all collection-roots for paths `{ "" }`: only found `{}`
WARN | 17:48:04 | lua-loader: Could not resolve all collection-roots for paths `{ "" }`: only found `{}`
WARN | 18:07:02 | vscode-loader: Could not find package.json(c) in path  (expanded to nil).
WARN | 18:07:02 | vscode-loader: Could not resolve all manifests for paths `{ "" }`: only found `{}`
WARN | 18:07:02 | snipmate-loader: Could not resolve all collection-roots for paths `{ "" }`: only found `{}`
WARN | 18:07:02 | lua-loader: Could not resolve all collection-roots for paths `{ "" }`: only found `{}`
WARN | 08:26:10 | vscode-loader: Could not find package.json(c) in path  (expanded to nil).
WARN | 08:26:10 | vscode-loader: Could not resolve all manifests for paths `{ "" }`: only found `{}`
WARN | 08:26:10 | snipmate-loader: Could not resolve all collection-roots for paths `{ "" }`: only found `{}`
WARN | 08:26:10 | lua-loader: Could not resolve all collection-roots for paths `{ "" }`: only found `{}`
WARN | 08:40:05 | vscode-loader: Could not find package.json(c) in path  (expanded to nil).
WARN | 08:40:05 | vscode-loader: Could not resolve all manifests for paths `{ "" }`: only found `{}`
WARN | 08:40:05 | snipmate-loader: Could not resolve all collection-roots for paths `{ "" }`: only found `{}`
WARN | 08:40:05 | lua-loader: Could not resolve all collection-roots for paths `{ "" }`: only found `{}`
WARN | 08:40:34 | vscode-loader: Could not find package.json(c) in path  (expanded to nil).
WARN | 08:40:34 | vscode-loader: Could not resolve all manifests for paths `{ "" }`: only found `{}`
WARN | 08:40:34 | snipmate-loader: Could not resolve all collection-roots for paths `{ "" }`: only found `{}`
WARN | 08:40:34 | lua-loader: Could not resolve all collection-roots for paths `{ "" }`: only found `{}`
WARN | 09:04:39 | vscode-loader: Could not find package.json(c) in path  (expanded to nil).
WARN | 09:04:39 | vscode-loader: Could not resolve all manifests for paths `{ "" }`: only found `{}`
WARN | 09:04:39 | snipmate-loader: Could not resolve all collection-roots for paths `{ "" }`: only found `{}`
WARN | 09:04:39 | lua-loader: Could not resolve all collection-roots for paths `{ "" }`: only found `{}`
WARN | 09:16:41 | vscode-loader: Could not find package.json(c) in path  (expanded to nil).
WARN | 09:16:41 | vscode-loader: Could not resolve all manifests for paths `{ "" }`: only found `{}`
WARN | 09:16:41 | snipmate-loader: Could not resolve all collection-roots for paths `{ "" }`: only found `{}`
WARN | 09:16:41 | lua-loader: Could not resolve all collection-roots for paths `{ "" }`: only found `{}`
WARN | 09:17:03 | vscode-loader: Could not find package.json(c) in path  (expanded to nil).
WARN | 09:17:03 | vscode-loader: Could not resolve all manifests for paths `{ "" }`: only found `{}`
WARN | 09:17:03 | snipmate-loader: Could not resolve all collection-roots for paths `{ "" }`: only found `{}`
WARN | 09:17:03 | lua-loader: Could not resolve all collection-roots for paths `{ "" }`: only found `{}`
WARN | 09:18:12 | vscode-loader: Could not find package.json(c) in path  (expanded to nil).
WARN | 09:18:12 | vscode-loader: Could not resolve all manifests for paths `{ "" }`: only found `{}`
WARN | 09:18:12 | snipmate-loader: Could not resolve all collection-roots for paths `{ "" }`: only found `{}`
WARN | 09:18:12 | lua-loader: Could not resolve all collection-roots for paths `{ "" }`: only found `{}`
WARN | 09:19:00 | vscode-loader: Could not find package.json(c) in path  (expanded to nil).
WARN | 09:19:00 | vscode-loader: Could not resolve all manifests for paths `{ "" }`: only found `{}`
WARN | 09:19:00 | snipmate-loader: Could not resolve all collection-roots for paths `{ "" }`: only found `{}`
WARN | 09:19:00 | lua-loader: Could not resolve all collection-roots for paths `{ "" }`: only found `{}`
WARN | 09:24:25 | vscode-loader: Could not find package.json(c) in path  (expanded to nil).
WARN | 09:24:25 | vscode-loader: Could not resolve all manifests for paths `{ "" }`: only found `{}`
WARN | 09:24:25 | snipmate-loader: Could not resolve all collection-roots for paths `{ "" }`: only found `{}`
WARN | 09:24:25 | lua-loader: Could not resolve all collection-roots for paths `{ "" }`: only found `{}`
WARN | 09:29:42 | vscode-loader: Could not find package.json(c) in path  (expanded to nil).
WARN | 09:29:42 | vscode-loader: Could not resolve all manifests for paths `{ "" }`: only found `{}`
WARN | 09:29:42 | snipmate-loader: Could not resolve all collection-roots for paths `{ "" }`: only found `{}`
WARN | 09:29:42 | lua-loader: Could not resolve all collection-roots for paths `{ "" }`: only found `{}`
WARN | 09:34:59 | vscode-loader: Could not find package.json(c) in path  (expanded to nil).
WARN | 09:34:59 | vscode-loader: Could not resolve all manifests for paths `{ "" }`: only found `{}`
WARN | 09:34:59 | snipmate-loader: Could not resolve all collection-roots for paths `{ "" }`: only found `{}`
WARN | 09:34:59 | lua-loader: Could not resolve all collection-roots for paths `{ "" }`: only found `{}`
WARN | 09:35:42 | vscode-loader: Could not find package.json(c) in path  (expanded to nil).
WARN | 09:35:42 | vscode-loader: Could not resolve all manifests for paths `{ "" }`: only found `{}`
WARN | 09:35:42 | snipmate-loader: Could not resolve all collection-roots for paths `{ "" }`: only found `{}`
WARN | 09:35:42 | lua-loader: Could not resolve all collection-roots for paths `{ "" }`: only found `{}`
WARN | 09:36:10 | vscode-loader: Could not find package.json(c) in path  (expanded to nil).
WARN | 09:36:10 | vscode-loader: Could not resolve all manifests for paths `{ "" }`: only found `{}`
WARN | 09:36:10 | snipmate-loader: Could not resolve all collection-roots for paths `{ "" }`: only found `{}`
WARN | 09:36:10 | lua-loader: Could not resolve all collection-roots for paths `{ "" }`: only found `{}`
WARN | 09:48:14 | vscode-loader: Could not find package.json(c) in path  (expanded to nil).
WARN | 09:48:14 | vscode-loader: Could not resolve all manifests for paths `{ "" }`: only found `{}`
WARN | 09:48:14 | snipmate-loader: Could not resolve all collection-roots for paths `{ "" }`: only found `{}`
WARN | 09:48:14 | lua-loader: Could not resolve all collection-roots for paths `{ "" }`: only found `{}`
WARN | 09:57:50 | vscode-loader: Could not find package.json(c) in path  (expanded to nil).
WARN | 09:57:50 | vscode-loader: Could not resolve all manifests for paths `{ "" }`: only found `{}`
WARN | 09:57:50 | snipmate-loader: Could not resolve all collection-roots for paths `{ "" }`: only found `{}`
WARN | 09:57:50 | lua-loader: Could not resolve all collection-roots for paths `{ "" }`: only found `{}`
WARN | 10:03:08 | vscode-loader: Could not find package.json(c) in path  (expanded to nil).
WARN | 10:03:08 | vscode-loader: Could not resolve all manifests for paths `{ "" }`: only found `{}`
WARN | 10:03:08 | snipmate-loader: Could not resolve all collection-roots for paths `{ "" }`: only found `{}`
WARN | 10:03:08 | lua-loader: Could not resolve all collection-roots for paths `{ "" }`: only found `{}`
WARN | 10:06:58 | vscode-loader: Could not find package.json(c) in path  (expanded to nil).
WARN | 10:06:58 | vscode-loader: Could not resolve all manifests for paths `{ "" }`: only found `{}`
WARN | 10:06:58 | snipmate-loader: Could not resolve all collection-roots for paths `{ "" }`: only found `{}`
WARN | 10:06:58 | lua-loader: Could not resolve all collection-roots for paths `{ "" }`: only found `{}`
WARN | 10:18:04 | vscode-loader: Could not find package.json(c) in path  (expanded to nil).
WARN | 10:18:04 | vscode-loader: Could not resolve all manifests for paths `{ "" }`: only found `{}`
WARN | 10:18:04 | snipmate-loader: Could not resolve all collection-roots for paths `{ "" }`: only found `{}`
WARN | 10:18:04 | lua-loader: Could not resolve all collection-roots for paths `{ "" }`: only found `{}`
WARN | 10:24:01 | vscode-loader: Could not find package.json(c) in path  (expanded to nil).
WARN | 10:24:01 | vscode-loader: Could not resolve all manifests for paths `{ "" }`: only found `{}`
WARN | 10:24:01 | snipmate-loader: Could not resolve all collection-roots for paths `{ "" }`: only found `{}`
WARN | 10:24:01 | lua-loader: Could not resolve all collection-roots for paths `{ "" }`: only found `{}`
WARN | 10:26:47 | vscode-loader: Could not find package.json(c) in path  (expanded to nil).
WARN | 10:26:47 | vscode-loader: Could not resolve all manifests for paths `{ "" }`: only found `{}`
WARN | 10:26:47 | snipmate-loader: Could not resolve all collection-roots for paths `{ "" }`: only found `{}`
WARN | 10:26:47 | lua-loader: Could not resolve all collection-roots for paths `{ "" }`: only found `{}`
WARN | 10:27:48 | vscode-loader: Could not find package.json(c) in path  (expanded to nil).
WARN | 10:27:48 | vscode-loader: Could not resolve all manifests for paths `{ "" }`: only found `{}`
WARN | 10:27:48 | snipmate-loader: Could not resolve all collection-roots for paths `{ "" }`: only found `{}`
WARN | 10:27:48 | lua-loader: Could not resolve all collection-roots for paths `{ "" }`: only found `{}`
WARN | 10:59:12 | vscode-loader: Could not find package.json(c) in path  (expanded to nil).
WARN | 10:59:12 | vscode-loader: Could not resolve all manifests for paths `{ "" }`: only found `{}`
WARN | 10:59:12 | snipmate-loader: Could not resolve all collection-roots for paths `{ "" }`: only found `{}`
WARN | 10:59:12 | lua-loader: Could not resolve all collection-roots for paths `{ "" }`: only found `{}`
WARN | 11:02:48 | vscode-loader: Could not find package.json(c) in path  (expanded to nil).
WARN | 11:02:48 | vscode-loader: Could not resolve all manifests for paths `{ "" }`: only found `{}`
WARN | 11:02:48 | snipmate-loader: Could not resolve all collection-roots for paths `{ "" }`: only found `{}`
WARN | 11:02:48 | lua-loader: Could not resolve all collection-roots for paths `{ "" }`: only found `{}`
WARN | 11:41:48 | vscode-loader: Could not find package.json(c) in path  (expanded to nil).
WARN | 11:41:48 | vscode-loader: Could not resolve all manifests for paths `{ "" }`: only found `{}`
WARN | 11:41:48 | snipmate-loader: Could not resolve all collection-roots for paths `{ "" }`: only found `{}`
WARN | 11:41:48 | lua-loader: Could not resolve all collection-roots for paths `{ "" }`: only found `{}`
WARN | 11:46:15 | vscode-loader: Could not find package.json(c) in path  (expanded to nil).
WARN | 11:46:15 | vscode-loader: Could not resolve all manifests for paths `{ "" }`: only found `{}`
WARN | 11:46:15 | snipmate-loader: Could not resolve all collection-roots for paths `{ "" }`: only found `{}`
WARN | 11:46:15 | lua-loader: Could not resolve all collection-roots for paths `{ "" }`: only found `{}`
WARN | 12:25:37 | vscode-loader: Could not find package.json(c) in path  (expanded to nil).
WARN | 12:25:37 | vscode-loader: Could not resolve all manifests for paths `{ "" }`: only found `{}`
WARN | 12:25:37 | snipmate-loader: Could not resolve all collection-roots for paths `{ "" }`: only found `{}`
WARN | 12:25:37 | lua-loader: Could not resolve all collection-roots for paths `{ "" }`: only found `{}`
WARN | 12:28:06 | vscode-loader: Could not find package.json(c) in path  (expanded to nil).
WARN | 12:28:06 | vscode-loader: Could not resolve all manifests for paths `{ "" }`: only found `{}`
WARN | 12:28:06 | snipmate-loader: Could not resolve all collection-roots for paths `{ "" }`: only found `{}`
WARN | 12:28:06 | lua-loader: Could not resolve all collection-roots for paths `{ "" }`: only found `{}`
WARN | 12:41:11 | vscode-loader: Could not find package.json(c) in path  (expanded to nil).
WARN | 12:41:11 | vscode-loader: Could not resolve all manifests for paths `{ "" }`: only found `{}`
WARN | 12:41:11 | snipmate-loader: Could not resolve all collection-roots for paths `{ "" }`: only found `{}`
WARN | 12:41:11 | lua-loader: Could not resolve all collection-roots for paths `{ "" }`: only found `{}`
WARN | 13:49:54 | vscode-loader: Could not find package.json(c) in path  (expanded to nil).
WARN | 13:49:54 | vscode-loader: Could not resolve all manifests for paths `{ "" }`: only found `{}`
WARN | 13:49:54 | snipmate-loader: Could not resolve all collection-roots for paths `{ "" }`: only found `{}`
WARN | 13:49:54 | lua-loader: Could not resolve all collection-roots for paths `{ "" }`: only found `{}`
WARN | 16:02:51 | vscode-loader: Could not find package.json(c) in path  (expanded to nil).
WARN | 16:02:51 | vscode-loader: Could not resolve all manifests for paths `{ "" }`: only found `{}`
WARN | 16:02:51 | snipmate-loader: Could not resolve all collection-roots for paths `{ "" }`: only found `{}`
WARN | 16:02:51 | lua-loader: Could not resolve all collection-roots for paths `{ "" }`: only found `{}`
WARN | 16:06:03 | vscode-loader: Could not find package.json(c) in path  (expanded to nil).
WARN | 16:06:03 | vscode-loader: Could not resolve all manifests for paths `{ "" }`: only found `{}`
WARN | 16:06:03 | snipmate-loader: Could not resolve all collection-roots for paths `{ "" }`: only found `{}`
WARN | 16:06:03 | lua-loader: Could not resolve all collection-roots for paths `{ "" }`: only found `{}`
WARN | 16:15:45 | vscode-loader: Could not find package.json(c) in path  (expanded to nil).
WARN | 16:15:45 | vscode-loader: Could not resolve all manifests for paths `{ "" }`: only found `{}`
WARN | 16:15:45 | snipmate-loader: Could not resolve all collection-roots for paths `{ "" }`: only found `{}`
WARN | 16:15:45 | lua-loader: Could not resolve all collection-roots for paths `{ "" }`: only found `{}`
WARN | 16:22:50 | vscode-loader: Could not find package.json(c) in path  (expanded to nil).
WARN | 16:22:50 | vscode-loader: Could not resolve all manifests for paths `{ "" }`: only found `{}`
WARN | 16:22:50 | snipmate-loader: Could not resolve all collection-roots for paths `{ "" }`: only found `{}`
WARN | 16:22:50 | lua-loader: Could not resolve all collection-roots for paths `{ "" }`: only found `{}`
WARN | 16:40:03 | vscode-loader: Could not find package.json(c) in path  (expanded to nil).
WARN | 16:40:03 | vscode-loader: Could not resolve all manifests for paths `{ "" }`: only found `{}`
WARN | 16:40:03 | snipmate-loader: Could not resolve all collection-roots for paths `{ "" }`: only found `{}`
WARN | 16:40:03 | lua-loader: Could not resolve all collection-roots for paths `{ "" }`: only found `{}`
WARN | 16:41:07 | vscode-loader: Could not find package.json(c) in path  (expanded to nil).
WARN | 16:41:07 | vscode-loader: Could not resolve all manifests for paths `{ "" }`: only found `{}`
WARN | 16:41:07 | snipmate-loader: Could not resolve all collection-roots for paths `{ "" }`: only found `{}`
WARN | 16:41:07 | lua-loader: Could not resolve all collection-roots for paths `{ "" }`: only found `{}`
WARN | 16:43:00 | vscode-loader: Could not find package.json(c) in path  (expanded to nil).
WARN | 16:43:00 | vscode-loader: Could not resolve all manifests for paths `{ "" }`: only found `{}`
WARN | 16:43:00 | snipmate-loader: Could not resolve all collection-roots for paths `{ "" }`: only found `{}`
WARN | 16:43:00 | lua-loader: Could not resolve all collection-roots for paths `{ "" }`: only found `{}`
WARN | 17:00:01 | vscode-loader: Could not find package.json(c) in path  (expanded to nil).
WARN | 17:00:01 | vscode-loader: Could not resolve all manifests for paths `{ "" }`: only found `{}`
WARN | 17:00:01 | snipmate-loader: Could not resolve all collection-roots for paths `{ "" }`: only found `{}`
WARN | 17:00:01 | lua-loader: Could not resolve all collection-roots for paths `{ "" }`: only found `{}`
WARN | 17:05:07 | vscode-loader: Could not find package.json(c) in path  (expanded to nil).
WARN | 17:05:07 | vscode-loader: Could not resolve all manifests for paths `{ "" }`: only found `{}`
WARN | 17:05:07 | snipmate-loader: Could not resolve all collection-roots for paths `{ "" }`: only found `{}`
WARN | 17:05:07 | lua-loader: Could not resolve all collection-roots for paths `{ "" }`: only found `{}`
WARN | 17:05:57 | vscode-loader: Could not find package.json(c) in path  (expanded to nil).
WARN | 17:05:57 | vscode-loader: Could not resolve all manifests for paths `{ "" }`: only found `{}`
WARN | 17:05:57 | snipmate-loader: Could not resolve all collection-roots for paths `{ "" }`: only found `{}`
WARN | 17:05:57 | lua-loader: Could not resolve all collection-roots for paths `{ "" }`: only found `{}`
WARN | 17:07:18 | vscode-loader: Could not find package.json(c) in path  (expanded to nil).
WARN | 17:07:18 | vscode-loader: Could not resolve all manifests for paths `{ "" }`: only found `{}`
WARN | 17:07:18 | snipmate-loader: Could not resolve all collection-roots for paths `{ "" }`: only found `{}`
WARN | 17:07:18 | lua-loader: Could not resolve all collection-roots for paths `{ "" }`: only found `{}`
WARN | 17:08:29 | vscode-loader: Could not find package.json(c) in path  (expanded to nil).
WARN | 17:08:29 | vscode-loader: Could not resolve all manifests for paths `{ "" }`: only found `{}`
WARN | 17:08:29 | snipmate-loader: Could not resolve all collection-roots for paths `{ "" }`: only found `{}`
WARN | 17:08:29 | lua-loader: Could not resolve all collection-roots for paths `{ "" }`: only found `{}`
WARN | 17:09:55 | vscode-loader: Could not find package.json(c) in path  (expanded to nil).
WARN | 17:09:55 | vscode-loader: Could not resolve all manifests for paths `{ "" }`: only found `{}`
WARN | 17:09:55 | snipmate-loader: Could not resolve all collection-roots for paths `{ "" }`: only found `{}`
WARN | 17:09:55 | lua-loader: Could not resolve all collection-roots for paths `{ "" }`: only found `{}`
WARN | 17:11:52 | vscode-loader: Could not find package.json(c) in path  (expanded to nil).
WARN | 17:11:52 | vscode-loader: Could not resolve all manifests for paths `{ "" }`: only found `{}`
WARN | 17:11:52 | snipmate-loader: Could not resolve all collection-roots for paths `{ "" }`: only found `{}`
WARN | 17:11:52 | lua-loader: Could not resolve all collection-roots for paths `{ "" }`: only found `{}`
WARN | 17:13:48 | vscode-loader: Could not find package.json(c) in path  (expanded to nil).
WARN | 17:13:48 | vscode-loader: Could not resolve all manifests for paths `{ "" }`: only found `{}`
WARN | 17:13:48 | snipmate-loader: Could not resolve all collection-roots for paths `{ "" }`: only found `{}`
WARN | 17:13:48 | lua-loader: Could not resolve all collection-roots for paths `{ "" }`: only found `{}`
WARN | 17:14:16 | vscode-loader: Could not find package.json(c) in path  (expanded to nil).
WARN | 17:14:16 | vscode-loader: Could not resolve all manifests for paths `{ "" }`: only found `{}`
WARN | 17:14:16 | snipmate-loader: Could not resolve all collection-roots for paths `{ "" }`: only found `{}`
WARN | 17:14:16 | lua-loader: Could not resolve all collection-roots for paths `{ "" }`: only found `{}`
WARN | 17:16:17 | vscode-loader: Could not find package.json(c) in path  (expanded to nil).
WARN | 17:16:17 | vscode-loader: Could not resolve all manifests for paths `{ "" }`: only found `{}`
WARN | 17:16:17 | snipmate-loader: Could not resolve all collection-roots for paths `{ "" }`: only found `{}`
WARN | 17:16:17 | lua-loader: Could not resolve all collection-roots for paths `{ "" }`: only found `{}`
WARN | 17:17:30 | vscode-loader: Could not find package.json(c) in path  (expanded to nil).
WARN | 17:17:30 | vscode-loader: Could not resolve all manifests for paths `{ "" }`: only found `{}`
WARN | 17:17:30 | snipmate-loader: Could not resolve all collection-roots for paths `{ "" }`: only found `{}`
WARN | 17:17:30 | lua-loader: Could not resolve all collection-roots for paths `{ "" }`: only found `{}`
WARN | 17:17:56 | vscode-loader: Could not find package.json(c) in path  (expanded to nil).
WARN | 17:17:56 | vscode-loader: Could not resolve all manifests for paths `{ "" }`: only found `{}`
WARN | 17:17:56 | snipmate-loader: Could not resolve all collection-roots for paths `{ "" }`: only found `{}`
WARN | 17:17:56 | lua-loader: Could not resolve all collection-roots for paths `{ "" }`: only found `{}`
WARN | 17:18:23 | vscode-loader: Could not find package.json(c) in path  (expanded to nil).
WARN | 17:18:23 | vscode-loader: Could not resolve all manifests for paths `{ "" }`: only found `{}`
WARN | 17:18:23 | snipmate-loader: Could not resolve all collection-roots for paths `{ "" }`: only found `{}`
WARN | 17:18:23 | lua-loader: Could not resolve all collection-roots for paths `{ "" }`: only found `{}`
WARN | 17:25:46 | vscode-loader: Could not find package.json(c) in path  (expanded to nil).
WARN | 17:25:46 | vscode-loader: Could not resolve all manifests for paths `{ "" }`: only found `{}`
WARN | 17:25:46 | snipmate-loader: Could not resolve all collection-roots for paths `{ "" }`: only found `{}`
WARN | 17:25:46 | lua-loader: Could not resolve all collection-roots for paths `{ "" }`: only found `{}`
WARN | 17:55:25 | vscode-loader: Could not find package.json(c) in path  (expanded to nil).
WARN | 17:55:25 | vscode-loader: Could not resolve all manifests for paths `{ "" }`: only found `{}`
WARN | 17:55:25 | snipmate-loader: Could not resolve all collection-roots for paths `{ "" }`: only found `{}`
WARN | 17:55:25 | lua-loader: Could not resolve all collection-roots for paths `{ "" }`: only found `{}`
WARN | 17:59:15 | vscode-loader: Could not find package.json(c) in path  (expanded to nil).
WARN | 17:59:15 | vscode-loader: Could not resolve all manifests for paths `{ "" }`: only found `{}`
WARN | 17:59:15 | snipmate-loader: Could not resolve all collection-roots for paths `{ "" }`: only found `{}`
WARN | 17:59:15 | lua-loader: Could not resolve all collection-roots for paths `{ "" }`: only found `{}`
WARN | 18:50:05 | vscode-loader: Could not find package.json(c) in path  (expanded to nil).
WARN | 18:50:05 | vscode-loader: Could not resolve all manifests for paths `{ "" }`: only found `{}`
WARN | 18:50:05 | snipmate-loader: Could not resolve all collection-roots for paths `{ "" }`: only found `{}`
WARN | 18:50:05 | lua-loader: Could not resolve all collection-roots for paths `{ "" }`: only found `{}`
WARN | 18:52:10 | vscode-loader: Could not find package.json(c) in path  (expanded to nil).
WARN | 18:52:10 | vscode-loader: Could not resolve all manifests for paths `{ "" }`: only found `{}`
WARN | 18:52:10 | snipmate-loader: Could not resolve all collection-roots for paths `{ "" }`: only found `{}`
WARN | 18:52:10 | lua-loader: Could not resolve all collection-roots for paths `{ "" }`: only found `{}`
WARN | 08:15:37 | vscode-loader: Could not find package.json(c) in path  (expanded to nil).
WARN | 08:15:37 | vscode-loader: Could not resolve all manifests for paths `{ "" }`: only found `{}`
WARN | 08:15:37 | snipmate-loader: Could not resolve all collection-roots for paths `{ "" }`: only found `{}`
WARN | 08:15:37 | lua-loader: Could not resolve all collection-roots for paths `{ "" }`: only found `{}`
WARN | 09:04:18 | vscode-loader: Could not find package.json(c) in path  (expanded to nil).
WARN | 09:04:18 | vscode-loader: Could not resolve all manifests for paths `{ "" }`: only found `{}`
WARN | 09:04:18 | snipmate-loader: Could not resolve all collection-roots for paths `{ "" }`: only found `{}`
WARN | 09:04:18 | lua-loader: Could not resolve all collection-roots for paths `{ "" }`: only found `{}`
WARN | 09:54:45 | vscode-loader: Could not find package.json(c) in path  (expanded to nil).
WARN | 09:54:45 | vscode-loader: Could not resolve all manifests for paths `{ "" }`: only found `{}`
WARN | 09:54:45 | snipmate-loader: Could not resolve all collection-roots for paths `{ "" }`: only found `{}`
WARN | 09:54:45 | lua-loader: Could not resolve all collection-roots for paths `{ "" }`: only found `{}`
WARN | 10:20:58 | vscode-loader: Could not find package.json(c) in path  (expanded to nil).
WARN | 10:20:58 | vscode-loader: Could not resolve all manifests for paths `{ "" }`: only found `{}`
WARN | 10:20:58 | snipmate-loader: Could not resolve all collection-roots for paths `{ "" }`: only found `{}`
WARN | 10:20:58 | lua-loader: Could not resolve all collection-roots for paths `{ "" }`: only found `{}`
WARN | 10:26:19 | vscode-loader: Could not find package.json(c) in path  (expanded to nil).
WARN | 10:26:19 | vscode-loader: Could not resolve all manifests for paths `{ "" }`: only found `{}`
WARN | 10:26:19 | snipmate-loader: Could not resolve all collection-roots for paths `{ "" }`: only found `{}`
WARN | 10:26:19 | lua-loader: Could not resolve all collection-roots for paths `{ "" }`: only found `{}`
WARN | 10:27:09 | vscode-loader: Could not find package.json(c) in path  (expanded to nil).
WARN | 10:27:09 | vscode-loader: Could not resolve all manifests for paths `{ "" }`: only found `{}`
WARN | 10:27:09 | snipmate-loader: Could not resolve all collection-roots for paths `{ "" }`: only found `{}`
WARN | 10:27:09 | lua-loader: Could not resolve all collection-roots for paths `{ "" }`: only found `{}`
WARN | 10:35:25 | vscode-loader: Could not find package.json(c) in path  (expanded to nil).
WARN | 10:35:25 | vscode-loader: Could not resolve all manifests for paths `{ "" }`: only found `{}`
WARN | 10:35:25 | snipmate-loader: Could not resolve all collection-roots for paths `{ "" }`: only found `{}`
WARN | 10:35:25 | lua-loader: Could not resolve all collection-roots for paths `{ "" }`: only found `{}`
WARN | 10:37:48 | vscode-loader: Could not find package.json(c) in path  (expanded to nil).
WARN | 10:37:48 | vscode-loader: Could not resolve all manifests for paths `{ "" }`: only found `{}`
WARN | 10:37:48 | snipmate-loader: Could not resolve all collection-roots for paths `{ "" }`: only found `{}`
WARN | 10:37:48 | lua-loader: Could not resolve all collection-roots for paths `{ "" }`: only found `{}`
WARN | 10:39:42 | vscode-loader: Could not find package.json(c) in path  (expanded to nil).
WARN | 10:39:42 | vscode-loader: Could not resolve all manifests for paths `{ "" }`: only found `{}`
WARN | 10:39:42 | snipmate-loader: Could not resolve all collection-roots for paths `{ "" }`: only found `{}`
WARN | 10:39:42 | lua-loader: Could not resolve all collection-roots for paths `{ "" }`: only found `{}`
WARN | 10:41:43 | vscode-loader: Could not find package.json(c) in path  (expanded to nil).
WARN | 10:41:43 | vscode-loader: Could not resolve all manifests for paths `{ "" }`: only found `{}`
WARN | 10:41:43 | snipmate-loader: Could not resolve all collection-roots for paths `{ "" }`: only found `{}`
WARN | 10:41:43 | lua-loader: Could not resolve all collection-roots for paths `{ "" }`: only found `{}`
WARN | 10:44:03 | vscode-loader: Could not find package.json(c) in path  (expanded to nil).
WARN | 10:44:03 | vscode-loader: Could not resolve all manifests for paths `{ "" }`: only found `{}`
WARN | 10:44:03 | snipmate-loader: Could not resolve all collection-roots for paths `{ "" }`: only found `{}`
WARN | 10:44:03 | lua-loader: Could not resolve all collection-roots for paths `{ "" }`: only found `{}`
WARN | 10:45:37 | vscode-loader: Could not find package.json(c) in path  (expanded to nil).
WARN | 10:45:37 | vscode-loader: Could not resolve all manifests for paths `{ "" }`: only found `{}`
WARN | 10:45:37 | snipmate-loader: Could not resolve all collection-roots for paths `{ "" }`: only found `{}`
WARN | 10:45:37 | lua-loader: Could not resolve all collection-roots for paths `{ "" }`: only found `{}`
WARN | 10:57:24 | vscode-loader: Could not find package.json(c) in path  (expanded to nil).
WARN | 10:57:24 | vscode-loader: Could not resolve all manifests for paths `{ "" }`: only found `{}`
WARN | 10:57:24 | snipmate-loader: Could not resolve all collection-roots for paths `{ "" }`: only found `{}`
WARN | 10:57:24 | lua-loader: Could not resolve all collection-roots for paths `{ "" }`: only found `{}`
WARN | 10:58:18 | vscode-loader: Could not find package.json(c) in path  (expanded to nil).
WARN | 10:58:18 | vscode-loader: Could not resolve all manifests for paths `{ "" }`: only found `{}`
WARN | 10:58:18 | snipmate-loader: Could not resolve all collection-roots for paths `{ "" }`: only found `{}`
WARN | 10:58:18 | lua-loader: Could not resolve all collection-roots for paths `{ "" }`: only found `{}`
WARN | 11:01:43 | vscode-loader: Could not find package.json(c) in path  (expanded to nil).
WARN | 11:01:43 | vscode-loader: Could not resolve all manifests for paths `{ "" }`: only found `{}`
WARN | 11:01:43 | snipmate-loader: Could not resolve all collection-roots for paths `{ "" }`: only found `{}`
WARN | 11:01:43 | lua-loader: Could not resolve all collection-roots for paths `{ "" }`: only found `{}`
WARN | 11:05:18 | vscode-loader: Could not find package.json(c) in path  (expanded to nil).
WARN | 11:05:18 | vscode-loader: Could not resolve all manifests for paths `{ "" }`: only found `{}`
WARN | 11:05:18 | snipmate-loader: Could not resolve all collection-roots for paths `{ "" }`: only found `{}`
WARN | 11:05:18 | lua-loader: Could not resolve all collection-roots for paths `{ "" }`: only found `{}`
WARN | 11:08:13 | vscode-loader: Could not find package.json(c) in path  (expanded to nil).
WARN | 11:08:13 | vscode-loader: Could not resolve all manifests for paths `{ "" }`: only found `{}`
WARN | 11:08:13 | snipmate-loader: Could not resolve all collection-roots for paths `{ "" }`: only found `{}`
WARN | 11:08:13 | lua-loader: Could not resolve all collection-roots for paths `{ "" }`: only found `{}`
WARN | 11:10:18 | vscode-loader: Could not find package.json(c) in path  (expanded to nil).
WARN | 11:10:18 | vscode-loader: Could not resolve all manifests for paths `{ "" }`: only found `{}`
WARN | 11:10:18 | snipmate-loader: Could not resolve all collection-roots for paths `{ "" }`: only found `{}`
WARN | 11:10:18 | lua-loader: Could not resolve all collection-roots for paths `{ "" }`: only found `{}`
WARN | 11:14:30 | vscode-loader: Could not find package.json(c) in path  (expanded to nil).
WARN | 11:14:30 | vscode-loader: Could not resolve all manifests for paths `{ "" }`: only found `{}`
WARN | 11:14:30 | snipmate-loader: Could not resolve all collection-roots for paths `{ "" }`: only found `{}`
WARN | 11:14:30 | lua-loader: Could not resolve all collection-roots for paths `{ "" }`: only found `{}`
WARN | 11:18:06 | vscode-loader: Could not find package.json(c) in path  (expanded to nil).
WARN | 11:18:06 | vscode-loader: Could not resolve all manifests for paths `{ "" }`: only found `{}`
WARN | 11:18:06 | snipmate-loader: Could not resolve all collection-roots for paths `{ "" }`: only found `{}`
WARN | 11:18:06 | lua-loader: Could not resolve all collection-roots for paths `{ "" }`: only found `{}`
WARN | 11:29:40 | vscode-loader: Could not find package.json(c) in path  (expanded to nil).
WARN | 11:29:40 | vscode-loader: Could not resolve all manifests for paths `{ "" }`: only found `{}`
WARN | 11:29:40 | snipmate-loader: Could not resolve all collection-roots for paths `{ "" }`: only found `{}`
WARN | 11:29:40 | lua-loader: Could not resolve all collection-roots for paths `{ "" }`: only found `{}`
WARN | 11:32:10 | vscode-loader: Could not find package.json(c) in path  (expanded to nil).
WARN | 11:32:10 | vscode-loader: Could not resolve all manifests for paths `{ "" }`: only found `{}`
WARN | 11:32:10 | snipmate-loader: Could not resolve all collection-roots for paths `{ "" }`: only found `{}`
WARN | 11:32:10 | lua-loader: Could not resolve all collection-roots for paths `{ "" }`: only found `{}`
WARN | 11:35:12 | vscode-loader: Could not find package.json(c) in path  (expanded to nil).
WARN | 11:35:12 | vscode-loader: Could not resolve all manifests for paths `{ "" }`: only found `{}`
WARN | 11:35:12 | snipmate-loader: Could not resolve all collection-roots for paths `{ "" }`: only found `{}`
WARN | 11:35:12 | lua-loader: Could not resolve all collection-roots for paths `{ "" }`: only found `{}`
WARN | 11:35:34 | vscode-loader: Could not find package.json(c) in path  (expanded to nil).
WARN | 11:35:34 | vscode-loader: Could not resolve all manifests for paths `{ "" }`: only found `{}`
WARN | 11:35:34 | snipmate-loader: Could not resolve all collection-roots for paths `{ "" }`: only found `{}`
WARN | 11:35:34 | lua-loader: Could not resolve all collection-roots for paths `{ "" }`: only found `{}`
WARN | 11:36:12 | vscode-loader: Could not find package.json(c) in path  (expanded to nil).
WARN | 11:36:12 | vscode-loader: Could not resolve all manifests for paths `{ "" }`: only found `{}`
WARN | 11:36:12 | snipmate-loader: Could not resolve all collection-roots for paths `{ "" }`: only found `{}`
WARN | 11:36:12 | lua-loader: Could not resolve all collection-roots for paths `{ "" }`: only found `{}`
WARN | 11:36:28 | vscode-loader: Could not find package.json(c) in path  (expanded to nil).
WARN | 11:36:28 | vscode-loader: Could not resolve all manifests for paths `{ "" }`: only found `{}`
WARN | 11:36:28 | snipmate-loader: Could not resolve all collection-roots for paths `{ "" }`: only found `{}`
WARN | 11:36:28 | lua-loader: Could not resolve all collection-roots for paths `{ "" }`: only found `{}`
WARN | 11:39:04 | vscode-loader: Could not find package.json(c) in path  (expanded to nil).
WARN | 11:39:04 | vscode-loader: Could not resolve all manifests for paths `{ "" }`: only found `{}`
WARN | 11:39:04 | snipmate-loader: Could not resolve all collection-roots for paths `{ "" }`: only found `{}`
WARN | 11:39:04 | lua-loader: Could not resolve all collection-roots for paths `{ "" }`: only found `{}`
WARN | 11:41:40 | vscode-loader: Could not find package.json(c) in path  (expanded to nil).
WARN | 11:41:40 | vscode-loader: Could not resolve all manifests for paths `{ "" }`: only found `{}`
WARN | 11:41:40 | snipmate-loader: Could not resolve all collection-roots for paths `{ "" }`: only found `{}`
WARN | 11:41:40 | lua-loader: Could not resolve all collection-roots for paths `{ "" }`: only found `{}`
WARN | 11:43:11 | vscode-loader: Could not find package.json(c) in path  (expanded to nil).
WARN | 11:43:11 | vscode-loader: Could not resolve all manifests for paths `{ "" }`: only found `{}`
WARN | 11:43:11 | snipmate-loader: Could not resolve all collection-roots for paths `{ "" }`: only found `{}`
WARN | 11:43:11 | lua-loader: Could not resolve all collection-roots for paths `{ "" }`: only found `{}`
WARN | 11:51:53 | vscode-loader: Could not find package.json(c) in path  (expanded to nil).
WARN | 11:51:53 | vscode-loader: Could not resolve all manifests for paths `{ "" }`: only found `{}`
WARN | 11:51:53 | snipmate-loader: Could not resolve all collection-roots for paths `{ "" }`: only found `{}`
WARN | 11:51:53 | lua-loader: Could not resolve all collection-roots for paths `{ "" }`: only found `{}`
WARN | 11:53:12 | vscode-loader: Could not find package.json(c) in path ~/.config/nvim/lua/custom/snippets (expanded to nil).
WARN | 11:53:12 | vscode-loader: Could not resolve all manifests for paths `{ "~/.config/nvim/lua/custom/snippets" }`: only found `{}`
WARN | 11:53:50 | vscode-loader: Could not find package.json(c) in path  (expanded to nil).
WARN | 11:53:50 | vscode-loader: Could not resolve all manifests for paths `{ "" }`: only found `{}`
WARN | 11:53:50 | snipmate-loader: Could not resolve all collection-roots for paths `{ "" }`: only found `{}`
WARN | 11:53:50 | lua-loader: Could not resolve all collection-roots for paths `{ "" }`: only found `{}`
WARN | 11:59:03 | vscode-loader: Could not find package.json(c) in path  (expanded to nil).
WARN | 11:59:03 | vscode-loader: Could not resolve all manifests for paths `{ "" }`: only found `{}`
WARN | 11:59:03 | snipmate-loader: Could not resolve all collection-roots for paths `{ "" }`: only found `{}`
WARN | 11:59:03 | lua-loader: Could not resolve all collection-roots for paths `{ "" }`: only found `{}`
WARN | 12:00:34 | vscode-loader: Could not find package.json(c) in path  (expanded to nil).
WARN | 12:00:34 | vscode-loader: Could not resolve all manifests for paths `{ "" }`: only found `{}`
WARN | 12:00:34 | snipmate-loader: Could not resolve all collection-roots for paths `{ "" }`: only found `{}`
WARN | 12:00:34 | lua-loader: Could not resolve all collection-roots for paths `{ "" }`: only found `{}`
WARN | 12:23:34 | vscode-loader: Could not find package.json(c) in path  (expanded to nil).
WARN | 12:23:34 | vscode-loader: Could not resolve all manifests for paths `{ "" }`: only found `{}`
WARN | 12:23:34 | snipmate-loader: Could not resolve all collection-roots for paths `{ "" }`: only found `{}`
WARN | 12:23:34 | lua-loader: Could not resolve all collection-roots for paths `{ "" }`: only found `{}`
WARN | 12:26:12 | vscode-loader: Could not find package.json(c) in path ~/.config/nvim/lua/snippets (expanded to /home/eleazar/.config/nvim/lua/snippets).
WARN | 12:26:12 | vscode-loader: Could not resolve all manifests for paths `{ "~/.config/nvim/lua/snippets" }`: only found `{}`
WARN | 12:26:56 | vscode-loader: Could not find package.json(c) in path ~/.config/nvim/lua/snippets (expanded to /home/eleazar/.config/nvim/lua/snippets).
WARN | 12:26:56 | vscode-loader: Could not resolve all manifests for paths `{ "~/.config/nvim/lua/snippets" }`: only found `{}`
WARN | 12:30:26 | vscode-loader: Could not find package.json(c) in path  (expanded to nil).
WARN | 12:30:26 | vscode-loader: Could not resolve all manifests for paths `{ "" }`: only found `{}`
WARN | 12:30:26 | snipmate-loader: Could not resolve all collection-roots for paths `{ "" }`: only found `{}`
WARN | 12:30:26 | lua-loader: Could not resolve all collection-roots for paths `{ "" }`: only found `{}`
WARN | 12:33:04 | vscode-loader: Could not find package.json(c) in path ~/.config/nvim/lua/snippets (expanded to /home/eleazar/.config/nvim/lua/snippets).
WARN | 12:33:04 | vscode-loader: Could not resolve all manifests for paths `{ "~/.config/nvim/lua/snippets" }`: only found `{}`
WARN | 12:38:51 | vscode-loader: Could not find package.json(c) in path  (expanded to nil).
WARN | 12:38:51 | vscode-loader: Could not resolve all manifests for paths `{ "" }`: only found `{}`
WARN | 12:38:51 | snipmate-loader: Could not resolve all collection-roots for paths `{ "" }`: only found `{}`
WARN | 12:38:51 | lua-loader: Could not resolve all collection-roots for paths `{ "" }`: only found `{}`
WARN | 12:42:17 | vscode-loader: Could not find package.json(c) in path  (expanded to nil).
WARN | 12:42:17 | vscode-loader: Could not resolve all manifests for paths `{ "" }`: only found `{}`
WARN | 12:42:17 | snipmate-loader: Could not resolve all collection-roots for paths `{ "" }`: only found `{}`
WARN | 12:42:17 | lua-loader: Could not resolve all collection-roots for paths `{ "" }`: only found `{}`
WARN | 12:42:41 | vscode-loader: Could not find package.json(c) in path  (expanded to nil).
WARN | 12:42:41 | vscode-loader: Could not resolve all manifests for paths `{ "" }`: only found `{}`
WARN | 12:42:41 | snipmate-loader: Could not resolve all collection-roots for paths `{ "" }`: only found `{}`
WARN | 12:42:41 | lua-loader: Could not resolve all collection-roots for paths `{ "" }`: only found `{}`
WARN | 12:44:38 | vscode-loader: Could not find package.json(c) in path  (expanded to nil).
WARN | 12:44:38 | vscode-loader: Could not resolve all manifests for paths `{ "" }`: only found `{}`
WARN | 12:44:38 | snipmate-loader: Could not resolve all collection-roots for paths `{ "" }`: only found `{}`
WARN | 12:44:38 | lua-loader: Could not resolve all collection-roots for paths `{ "" }`: only found `{}`
WARN | 12:48:12 | vscode-loader: Could not find package.json(c) in path  (expanded to nil).
WARN | 12:48:12 | vscode-loader: Could not resolve all manifests for paths `{ "" }`: only found `{}`
WARN | 12:48:12 | snipmate-loader: Could not resolve all collection-roots for paths `{ "" }`: only found `{}`
WARN | 12:48:12 | lua-loader: Could not resolve all collection-roots for paths `{ "" }`: only found `{}`
WARN | 12:48:30 | vscode-loader: Could not find package.json(c) in path  (expanded to nil).
WARN | 12:48:30 | vscode-loader: Could not resolve all manifests for paths `{ "" }`: only found `{}`
WARN | 12:48:30 | snipmate-loader: Could not resolve all collection-roots for paths `{ "" }`: only found `{}`
WARN | 12:48:30 | lua-loader: Could not resolve all collection-roots for paths `{ "" }`: only found `{}`
WARN | 12:49:00 | vscode-loader: Could not find package.json(c) in path  (expanded to nil).
WARN | 12:49:00 | vscode-loader: Could not resolve all manifests for paths `{ "" }`: only found `{}`
WARN | 12:49:00 | snipmate-loader: Could not resolve all collection-roots for paths `{ "" }`: only found `{}`
WARN | 12:49:00 | lua-loader: Could not resolve all collection-roots for paths `{ "" }`: only found `{}`
WARN | 12:49:34 | vscode-loader: Could not find package.json(c) in path  (expanded to nil).
WARN | 12:49:34 | vscode-loader: Could not resolve all manifests for paths `{ "" }`: only found `{}`
WARN | 12:49:34 | snipmate-loader: Could not resolve all collection-roots for paths `{ "" }`: only found `{}`
WARN | 12:49:34 | lua-loader: Could not resolve all collection-roots for paths `{ "" }`: only found `{}`
WARN | 12:52:13 | vscode-loader: Could not find package.json(c) in path  (expanded to nil).
WARN | 12:52:13 | vscode-loader: Could not resolve all manifests for paths `{ "" }`: only found `{}`
WARN | 12:52:13 | snipmate-loader: Could not resolve all collection-roots for paths `{ "" }`: only found `{}`
WARN | 12:52:13 | lua-loader: Could not resolve all collection-roots for paths `{ "" }`: only found `{}`
WARN | 12:54:45 | vscode-loader: Could not find package.json(c) in path  (expanded to nil).
WARN | 12:54:45 | vscode-loader: Could not resolve all manifests for paths `{ "" }`: only found `{}`
WARN | 12:54:45 | snipmate-loader: Could not resolve all collection-roots for paths `{ "" }`: only found `{}`
WARN | 12:54:45 | lua-loader: Could not resolve all collection-roots for paths `{ "" }`: only found `{}`
WARN | 12:54:53 | vscode-loader: Could not find package.json(c) in path  (expanded to nil).
WARN | 12:54:53 | vscode-loader: Could not resolve all manifests for paths `{ "" }`: only found `{}`
WARN | 12:54:53 | snipmate-loader: Could not resolve all collection-roots for paths `{ "" }`: only found `{}`
WARN | 12:54:53 | lua-loader: Could not resolve all collection-roots for paths `{ "" }`: only found `{}`
WARN | 12:56:51 | vscode-loader: Could not find package.json(c) in path  (expanded to nil).
WARN | 12:56:51 | vscode-loader: Could not resolve all manifests for paths `{ "" }`: only found `{}`
WARN | 12:56:51 | snipmate-loader: Could not resolve all collection-roots for paths `{ "" }`: only found `{}`
WARN | 12:56:51 | lua-loader: Could not resolve all collection-roots for paths `{ "" }`: only found `{}`
WARN | 12:57:12 | vscode-loader: Could not find package.json(c) in path  (expanded to nil).
WARN | 12:57:12 | vscode-loader: Could not resolve all manifests for paths `{ "" }`: only found `{}`
WARN | 12:57:12 | snipmate-loader: Could not resolve all collection-roots for paths `{ "" }`: only found `{}`
WARN | 12:57:12 | lua-loader: Could not resolve all collection-roots for paths `{ "" }`: only found `{}`
WARN | 12:57:32 | vscode-loader: Could not find package.json(c) in path  (expanded to nil).
WARN | 12:57:32 | vscode-loader: Could not resolve all manifests for paths `{ "" }`: only found `{}`
WARN | 12:57:32 | snipmate-loader: Could not resolve all collection-roots for paths `{ "" }`: only found `{}`
WARN | 12:57:32 | lua-loader: Could not resolve all collection-roots for paths `{ "" }`: only found `{}`
WARN | 12:58:00 | vscode-loader: Could not find package.json(c) in path  (expanded to nil).
WARN | 12:58:00 | vscode-loader: Could not resolve all manifests for paths `{ "" }`: only found `{}`
WARN | 12:58:00 | snipmate-loader: Could not resolve all collection-roots for paths `{ "" }`: only found `{}`
WARN | 12:58:00 | lua-loader: Could not resolve all collection-roots for paths `{ "" }`: only found `{}`
WARN | 13:00:39 | vscode-loader: Could not find package.json(c) in path  (expanded to nil).
WARN | 13:00:39 | vscode-loader: Could not resolve all manifests for paths `{ "" }`: only found `{}`
WARN | 13:00:39 | snipmate-loader: Could not resolve all collection-roots for paths `{ "" }`: only found `{}`
WARN | 13:00:39 | lua-loader: Could not resolve all collection-roots for paths `{ "" }`: only found `{}`
WARN | 13:10:28 | vscode-loader: Could not find package.json(c) in path  (expanded to nil).
WARN | 13:10:28 | vscode-loader: Could not resolve all manifests for paths `{ "" }`: only found `{}`
WARN | 13:10:28 | snipmate-loader: Could not resolve all collection-roots for paths `{ "" }`: only found `{}`
WARN | 13:10:28 | lua-loader: Could not resolve all collection-roots for paths `{ "" }`: only found `{}`
WARN | 13:11:01 | vscode-loader: Could not find package.json(c) in path  (expanded to nil).
WARN | 13:11:01 | vscode-loader: Could not resolve all manifests for paths `{ "" }`: only found `{}`
WARN | 13:11:01 | snipmate-loader: Could not resolve all collection-roots for paths `{ "" }`: only found `{}`
WARN | 13:11:01 | lua-loader: Could not resolve all collection-roots for paths `{ "" }`: only found `{}`
WARN | 13:14:40 | vscode-loader: Could not find package.json(c) in path  (expanded to nil).
WARN | 13:14:40 | vscode-loader: Could not resolve all manifests for paths `{ "" }`: only found `{}`
WARN | 13:14:40 | snipmate-loader: Could not resolve all collection-roots for paths `{ "" }`: only found `{}`
WARN | 13:14:40 | lua-loader: Could not resolve all collection-roots for paths `{ "" }`: only found `{}`
WARN | 13:15:13 | vscode-loader: Could not find package.json(c) in path  (expanded to nil).
WARN | 13:15:13 | vscode-loader: Could not resolve all manifests for paths `{ "" }`: only found `{}`
WARN | 13:15:13 | snipmate-loader: Could not resolve all collection-roots for paths `{ "" }`: only found `{}`
WARN | 13:15:13 | lua-loader: Could not resolve all collection-roots for paths `{ "" }`: only found `{}`
WARN | 13:15:44 | vscode-loader: Could not find package.json(c) in path  (expanded to nil).
WARN | 13:15:44 | vscode-loader: Could not resolve all manifests for paths `{ "" }`: only found `{}`
WARN | 13:15:44 | snipmate-loader: Could not resolve all collection-roots for paths `{ "" }`: only found `{}`
WARN | 13:15:44 | lua-loader: Could not resolve all collection-roots for paths `{ "" }`: only found `{}`
WARN | 18:56:11 | vscode-loader: Could not find package.json(c) in path  (expanded to nil).
WARN | 18:56:11 | vscode-loader: Could not resolve all manifests for paths `{ "" }`: only found `{}`
WARN | 18:56:11 | snipmate-loader: Could not resolve all collection-roots for paths `{ "" }`: only found `{}`
WARN | 18:56:11 | lua-loader: Could not resolve all collection-roots for paths `{ "" }`: only found `{}`
WARN | 18:58:59 | vscode-loader: Could not find package.json(c) in path  (expanded to nil).
WARN | 18:58:59 | vscode-loader: Could not resolve all manifests for paths `{ "" }`: only found `{}`
WARN | 18:58:59 | snipmate-loader: Could not resolve all collection-roots for paths `{ "" }`: only found `{}`
WARN | 18:58:59 | lua-loader: Could not resolve all collection-roots for paths `{ "" }`: only found `{}`
WARN | 19:01:22 | vscode-loader: Could not find package.json(c) in path  (expanded to nil).
WARN | 19:01:22 | vscode-loader: Could not resolve all manifests for paths `{ "" }`: only found `{}`
WARN | 19:01:22 | snipmate-loader: Could not resolve all collection-roots for paths `{ "" }`: only found `{}`
WARN | 19:01:22 | lua-loader: Could not resolve all collection-roots for paths `{ "" }`: only found `{}`
WARN | 19:01:54 | vscode-loader: Could not find package.json(c) in path  (expanded to nil).
WARN | 19:01:54 | vscode-loader: Could not resolve all manifests for paths `{ "" }`: only found `{}`
WARN | 19:01:54 | snipmate-loader: Could not resolve all collection-roots for paths `{ "" }`: only found `{}`
WARN | 19:01:54 | lua-loader: Could not resolve all collection-roots for paths `{ "" }`: only found `{}`
WARN | 19:02:42 | vscode-loader: Could not find package.json(c) in path  (expanded to nil).
WARN | 19:02:42 | vscode-loader: Could not resolve all manifests for paths `{ "" }`: only found `{}`
WARN | 19:02:42 | snipmate-loader: Could not resolve all collection-roots for paths `{ "" }`: only found `{}`
WARN | 19:02:42 | lua-loader: Could not resolve all collection-roots for paths `{ "" }`: only found `{}`
WARN | 19:03:10 | vscode-loader: Could not find package.json(c) in path  (expanded to nil).
WARN | 19:03:10 | vscode-loader: Could not resolve all manifests for paths `{ "" }`: only found `{}`
WARN | 19:03:10 | snipmate-loader: Could not resolve all collection-roots for paths `{ "" }`: only found `{}`
WARN | 19:03:10 | lua-loader: Could not resolve all collection-roots for paths `{ "" }`: only found `{}`
WARN | 19:05:27 | vscode-loader: Could not find package.json(c) in path  (expanded to nil).
WARN | 19:05:27 | vscode-loader: Could not resolve all manifests for paths `{ "" }`: only found `{}`
WARN | 19:05:27 | snipmate-loader: Could not resolve all collection-roots for paths `{ "" }`: only found `{}`
WARN | 19:05:27 | lua-loader: Could not resolve all collection-roots for paths `{ "" }`: only found `{}`
WARN | 19:06:50 | vscode-loader: Could not find package.json(c) in path  (expanded to nil).
WARN | 19:06:50 | vscode-loader: Could not resolve all manifests for paths `{ "" }`: only found `{}`
WARN | 19:06:50 | snipmate-loader: Could not resolve all collection-roots for paths `{ "" }`: only found `{}`
WARN | 19:06:50 | lua-loader: Could not resolve all collection-roots for paths `{ "" }`: only found `{}`
WARN | 19:09:54 | vscode-loader: Could not find package.json(c) in path  (expanded to nil).
WARN | 19:09:54 | vscode-loader: Could not resolve all manifests for paths `{ "" }`: only found `{}`
WARN | 19:09:54 | snipmate-loader: Could not resolve all collection-roots for paths `{ "" }`: only found `{}`
WARN | 19:09:54 | lua-loader: Could not resolve all collection-roots for paths `{ "" }`: only found `{}`
WARN | 19:10:27 | vscode-loader: Could not find package.json(c) in path  (expanded to nil).
WARN | 19:10:27 | vscode-loader: Could not resolve all manifests for paths `{ "" }`: only found `{}`
WARN | 19:10:27 | snipmate-loader: Could not resolve all collection-roots for paths `{ "" }`: only found `{}`
WARN | 19:10:27 | lua-loader: Could not resolve all collection-roots for paths `{ "" }`: only found `{}`
